var d=''; //soullinkmap jsonp data of "Fireman Hero Story Plan"
d+='w6xdbW8jw5d1w77Djl8xRcK/w67CjsOuw7tLIQjDkErDnF3DgVpxK2nCvV5/EUbDokjCmi7DiWFJw4rDssO2wpvDlk7Ci8OGKcKSBsO5wpAgwoDDu8KKwqbCrcObwqQBworDgnDDrMO0w4fDiMOrwqDCn8O8F8OywpwZwpLCojQzwpTCvMKWbQ7CmsK8w6xyZ8Ouwr3C';
d+='vMOPPcOnPMOnwpzDu8OGw6XDncOVe8Kbw43ClcOlw6zCr8K9wq3DlUfDjcKVw5XDh8KPw7fDllpbw7c3Hiwvw408XsOebj3DnVlpw5BfK8OLw7dWw5fDnsOYe8Kww516wrLCtcK+wrfDm3xrd8OlfjLCiMK7US94GA/DkmBnwpQOXgTCjztRb3nCqVDDslLDncKNwq3C';
d+='rcOmw7Zew6vDvsO9wp3DpsOuw55bK3c1V8KhN8KeKSsEw5New7rDiw1cKV7DncOUwrPClcK7wpLCqVByw68tw7fDmjLDi8OFwpzCpsKewpU1w7V2wqvDtWjChcKFw4ZaZcKVwpNCcyZMacKHwrLCksKXW3jCtMO6wqDCucO3ZHtzw6V4NMOqD8O/ZGnDqcKkw59JwqN2';
d+='eMKaPE/CunE7wonDgnRwwrREw7/DqsOTwr/Clg7Dkm43w60NwpfDpMKSNEvCm8ORw6Aow57Dm097wocYw5XDsMOPw7pHV8K+dMOaw7jCpcOvwrzDn8OafsK0wrrCu3d/Y3Nzb2fDtxnCpMO6w4csw7vDj8Olw5rDhWJlwq3CkMKow7ZWNzcebMKtdMOiw4NRaRMzZSrC';
d+='m3jCs8K5wr3Cu8KxwrbCujkuN0rDu8OVTV0pW8OZw6Z6c2dte8Ojw7HDrkYLwoUqW8K7VMKqwqrDkMOOw4bDm8ONFVk+QhcFKsKrw59vbcOtwq48fMOww7nDhx9/w7nDmSdfw77DtsODLz/Du8O0w4vDj37DtcOlZx8/wrrDu3jCu1XDnWpWwq/CusOVGQkew6p2wrwv';
d+='w6fCtDQjw4bCncOdw5XCrcO1w5XDrcO1wr03N8KaT8OLw5TDocOww7AwOgTDmMOrCsKWwrdUUMKJw6tKw41pwqZMLW5cek7Cu8KXVcOjwobDpcKqwotlw5LDp2peS8K5woJUwr/Dj0TCvTpIwqLDjsK8VnLChcKYw7PCvsOEwqhvVMO6SsKbM8OUwrFUw73ChijCvsKR';
d+='w71FwoTCnzsBfCjCusKKwqwmw5rDmX3CslPDrSvDssOmw5cxwo7Cijkmwr3Dtk7CsFA5bULCo8KZBC9PSsOkRR/CtcOWwpsrwpPCp8OZP8KWw4fDnwNAw7kDNn47w7NoeQbDhcKlMjPCj8KWw69tbMKvZw8fwq9uN8K3IMK8w50mw7nCuicYfE5GVsO9w7rCosOqw5rD';
d+='g8KNw43DtUs1w4VMw43DgsObwovCisOrG8Obw43CtUzDo8OYTMKFwovCpxclH8K2wrY3w57ChkZAw6N3HsKvwq41V8O0TMKFw4LDi8KLelM7w4lfw7DDmWpXw55dVMOabMK+w5nDnFzDoTNFw7Mnw4vCmxtbb8KMR3nCikYBa8OZw7PDpVkFw6XCnnsLwozCs2pYYsKd';
d+='w4VHwpdtbsOGwrwKwpY0YzTClcO2UTDChXvCrcO1ZxNFwrTDnEpvwpwWwqEQPHTCisORWMKNw58vP1p9a8OjEcK+GFTCu8K5w7rCgMOEdcOlw4nDsltow4TCu8OQei/CjUZbWlLCqMKCwojDpMOZwopyPsOkw5YzwqbCnXDDnkplwpbClxBfPF3DocKMwptQKCkEKgnD';
d+='pwRew4A8HsKuw4AKQsOuwqXDlMOewqIjRkITH8OCwoRQATbCiA/DjcKdJ8KPwpp7w6VfOX05KVbDnsKBw6nDi0nCscOyw65MX07CisKVdm7Dum7DuUo8w4bDsXXCocOwQjjDpgzDs2QYVyPCtithwpfCtCwUw6jCiRZCacKFD1dqPMKbw5QYB2MEWljDrcKUw5FKScOm';
d+='J8OFw7MIbMKWw4NmPsK/w53Dml5Hwpktw5LCh8ONw5ZTfMK8REnDijHDjsKdVsKhdjoUUhvCu8K8VF3DpVJrDzcePMK8w5ocw77CiwHDsCLCtMOcwrhQKW7DlcOlw7bCrlTCmsOQbQlXwpbCtVTDgsKVw6zDm8OmSsO9wrpUwqnDv8O/MMKlwr4BUU7DosKxRSVKw7YV';
d+='OcORWR16w47CmHHChkvDr8KcGVPCojYsZEpZJFHDlnIpw5XCmBHCkcKWwoUCw4rDjcKMEsKgK8Kvw4bChMKowqwJGcKDfUslwrLDjMKrwoIQWSnDv8KxUsK6Y8Klw6zDhsOmwrDDmV0JOhDDqMKEw7dgXsOLw5zCtWx2V8OoUFphJMOjTHnCrsKtw5PDl8Owwplzw4h1';
d+='wo0Tw5ZZw4HChMK/FT4rDcKxXsKPw5Bewp/CuMK8w5YeQsOHw4dQeS9YKXHDsW89w4hjwq/Di1zDssKbD8Oyw5wfwqjDq3ZjPAcOw5HDnAkZSsOFZWjCmXDDtisywprChcOjdQjCksKYwoF1WsOpw4bChMOmES0ow4bCocOkwqA5w6bDjTTDhMOjw4zChFJaJcKtF8OS';
d+='w6MLw4fCjAYyDEEiKMOJwpzClsKCKnwHwowmOQvCpcOTDgwswo0kesK+wobDkMKswrEhRxgpESNycMO3NWxmwrQEdWvCpcOxBwbDrGvCksOZw5fCisOCwq4Lw6puw4xlZQ0tAsKVfXsxGMO/QwzDtl0nwqvCiMKPYMKDTMODw4I4McKPwrHDrisSw5ldwoHDmERxZxHC';
d+='lXnDicKgw5dTKkMMBg7Do8KKMcOkb2TCtRnClXnDhGBQfsOOwolAwrUxwpNkVRsfw4Ikw5Ahw6MZwrdkDsOfAcKTccOhDMOSUibCjMKTXsKBw4vCrk81NXJ9Jix4wowJLlDDpxoywpMgPcKrOWJUZcOJAcKYW8KJw43DiiLCo8KvwpNsXhfDq1XDsMOcDcOmw7bDiHLD';
d+='hlPCixvCm8K7w43DrcObwpnDocObacO+w6nDnlbCi2Q7w77CtMK8w5N6wrI5MysDw5kYRV4HworDji3DjcOKTQosb8K2HmTCnMOQesOcw5xew51tbRMNFMKeLcKvwrXCtsOWN8OIRC/CnsOhw5tKwp7CvsOWWGzCtsOWw57CuMKlwpHCuMKMezwbwoUgwoNmwqPDjAzD';
d+='rBtPW8Ktw4EJQMOWMHZuFAvCrcOSEsKWDhvDkQJWOn07KcO3DMKUw6tCw6/CkGPDgcKcYBlWTks9wpsXw53DnxzDlsKUwrc8TDXDoy1fBWw+w4VdQFM0FcOiGcKyQkQxw44wbSrCoHnDmMKYQsK0wqPCrTVgwonDm8KGw4YtwqjChFlKYA3CqMOIWC3DpkBTw4JrCX3C';
d+='thgFw67CuSnChSYhDsKnEDgiwoMGw6vCiHJkd8K1NMKhw6Bca2obw4PCocK/AWhIw4nCkcKzI8KLR8KfEcOSXcKLTHPCisKIwoHCrFxowpzCh1Z7GjLCjQgZbsKIV0ATChYgOE0Ww4DCu1DDuHzCq8OQUMKUC2nChA81w6LDsFDDocKbXAXCtsKLwqLCkMKvw4nCisOa';
d+='Mmwaw58rKRFAKgB3QXMYZcOIJMOMFcKYwozDoUwqI8OsbQsNRRHCnwvDpUMJw5IMFUzChFUjwpsUw6UAwqYcTTsUwoFxI8Owwo3CsFsBworCgMKew6lyYGAOw4QPw5o5w7A2HMKmw7DDpsOWwpEhwqtww57CqFDDosO/wpZpXsKlwo4XJcKVw6E2K1pKwo8cQXzCqAXC';
d+='kiBuNWlwOcKDSBAscjkYNmIew6jDtm0rI8Kswocrw5jChAodw7fClDZ6MUcZDWzDjXNkwrLCmsK6wq5lKTBBLMKrwplHwrbCphTDh3fClyJzwow2WTAIw5fDglHCgBxvHcKYJMO2wqLDiUADSsKDYsOQwozDnzXDgDzCmsOPwoRSamVcwpAFw4LDtXnDqSQawrXDpWbD';
d+='piB2JjRDMcOPwpHCnsKrw5tHw6YMSsOBw4DCoF0hRSvDulpkw5AwwpPDicKsw5zDjBzDomkJw4IFQygpDStHwoYwHHzCjDQcw74MwoHCt8Ojw5/CgMKvRg88w48CX1DCoxPDvnrCoUnDhnN1LBcaMxgowpAHXMKVwoNbw6PDpRTDgsOJwq7CoSQcwp7ChMOBcMK1wrh1';
d+='BsKBSwN9w7MQXlPChFrDgQtVQsKbFMK1GMOnwqwoK8KDBsOHAArCkcOIwo7DoMKCwp3Dk8KsIgrDgUhqWsKuw5LDjGoSwprCv31ow4jDmwQFOwZ8wq1tNsK1VAVtXBTDtMKnwrLCosKlw6zCqMKAKWQIaDhRwoNnFcKuGsOsGcKSw6TDoBoATiEYw7kGwqB5w7TClFPC';
d+='iMOKQ0TCtMKsw5rDlhDCsXDDhHo5w6FAwpVKTU1BWCFCUA/DjsOVwqIiJsKmNVYowqMGIsOhwohwbh3ClsKBIUhBRA1eEAjCvsKrw63CjGAhFEZMZAHDi8Kyw5LCuFFJBXF6b8OgwoYVw5LDuQp3ZjDChg7Dn8KNwq9FwpgFwpXCvH1gGjk2bBnChWwowp3CpcOZw5Zy';
d+='YMOKIjRXwo7CvDDDrEhBdMK8PMK2w7Jww6PDuHppEDJ6VU7CjWTCqB4OBxkBw5rDlsO8GwDDpiAKwqnDgQnCiE/ClcOKEsKlcmDDnsOSTMKKw4oMw4jChQZMwqpKwoFZw4TDsBwGwobCqAnCgcKuwrQVw4xow5E9w4RzwprClsKhwqwQwrdPwox4KxzDlFAhOEfDpMKI';
d+='P8OnIEMIbykcwpbDkF3CkFrCqcKNIcOVw7TCocKAw6DCkBVAw47DildEwo3CiDzDgcKGwpDCqXVIQMOhIUrCoMOdIDHCp8K+VmfDoxMkwrPCkXDCtgfDtWlre3M9wp90G8ODHG/Cn8OawrhYw7TCvHhSNcOXw7PDsMOZY8O0N8KbG8OIw59dfXDDucOfw5Npw57CssOH';
d+='wpfDhDnClcORw5V+wr/DusORD8OOw49+wrrDuB0XVzvDvsK7w7/DucOZF3/DvcK/wovDn3FZGMOxX394fsO2wrPDs8KXHyx+w5/DlcOVwr7Dr0TDnXjDscK7wq3Cr3Z7wqN3HA/CksORw6LDt8OcXMOtw7nCvcK4wpPDtsKOasOAK8OjwqlWBsO2wqc9DsKWQjlbwoBT';
d+='AcKELyoQwqY8cMK4AsO5wqzDh8KHSS8ZJWnCrz7CosKhWXATWsOkwr3DnMKyGkvCpno2fyzCmndgM8O9bsOcGzVawofDgcOuccKcHx7CqcKPwqAkwqNYHlk8DMKJwosSSjjCgsOuVcKSw4J4UUhzQxPDvwbDmSnDkmBrFg8mTRMKw5rDmiAowr0qBFTDjV7Du8KmIMK9';
d+='chlIwrd4IMKzbDbCtMOoG2JhU1DDlsOmO1DDk8O5GMKlYVpKWiDDlVB6w4EXUGFpZ8KuD8KVwqDCuRnDrUvCvMOvQcOSwr4WwqfDosK0ChUyCcOjwpbCkk/Dt8OVLBBOwqTCi2BQw6c5w7JRW8KQw6XCgzRtBw/Co34/wr7DnjrClcKUwpLDucOQccKnwpDDll7DjAgt';
d+='DljCmsKyw4vDplDCkVZpwqfDrFXCtMObUT9pBzNke8KdFjsHQ8KXXhhaw7/DscKLw6dXwqTCtsK0wp4vOQ9BKsO+KsOew7vCnWh4wrwfHTzCv0bCsF7DksKIw4EiaMKqL8Kbw4JaNMKcw7liwq9BwqJMwqvCvQXDnsKtTSBQwr3CvMKdwqcqwrVyw7pKw4DCmznCmsKO';
d+='Dz0XJcOOcBQPwoLDoWgQw7XCjsOiRjdKesOBw4FxNMKIDsOwwrg2GA03YMKBwpDDlsKKwrjDpEUCbcK+w5vDr0TCvWhOVD07IUbDizLDlsKEBkzCunjCuknDiyrDqCHCmMKdwrB6U0jCpGfCsAbDqWFwwpwMG1PCgcOeCQ4HScOca8OfacK0wqPCpMOzIsOoJMKHNUjC';
d+='uifDiMKNwqUFAXhzQTE6K0jDuWEcHMKlwqNgwoTCuBzCiHsHcWPClAbDncOoecKcDUJ7EEfDncOgIMOtw4bDgWhwUh/DmMOzdm7DpMKzPj/DvMOgw7/Djn5yfsO2wqvDs8O3fnTDvsOywqPDs8KzXzTDjsOPw57Dh8O/PsO/w6TCk8O6wqDCrMOew4TCkSHDuMO8w6PD';
d+='nwDDjsKrw6/DvQdwfsOxw6lHwr/Du8OJb8OOX8K+w7/DhU/Dv8KePsKcw73CsnHDvsOewo/Dj8Ofw7vDtMO8wr3Dv8KkP8OPPsO6w6Ivf3HDvsOyB8OnLz/DgEjDvMODw7nDi8K/Oj/Du8Knw7PCs399w7U3wr8+P8O7dwzDjMOvfsO+w59fwrzDt8K9Vx/DlmDCnmzC';
d+='vMKQwqsRwqrDgxsxwoQQw47CmkIcPDM6wr98w7XDj8O/WBNHO8KFwqXCrAYsW8KcQcO+w7l/ZcKSw7sXw5LDp8KXHwDDosO5w5nDn2USw71xw6PDlcO3w7/DrcO8w6xvw4/Dj357fsO2w4PCvMOQVSUgWcK/w7x+VsOjw73Dmgg6w5tvwoTCjA4eLcO0ThTCgmNww5xp';
d+='NAxGw5HDicORMVFdNArCjsOjw4YxHkVjw5ILQHpHw6TDhsKjw4bCn8KfRGDDuMOkIHcGeMK+H8OjKcOdw5MQHCbCqB8Pw4LDmgzDjMK8TRoZwoRHw7EowojDoMOyOsOtwqDCngjCncOgGsOJwq4Qw6TDn8Oow6RoMVQ7SE96w5Vxw5kkIXLCmsKSScOLaHVZw7nDqU7C';
d+='jgVCOmdbw4pEw4vCj8OjaMOQDsKiw73DtCTDs8Oowo3DvUHDtE7CjDjClS5rQVhDwo/Dqitqw689w5cmVMK0L0Eow4vDi8OMwrwdw5PDnEYbZsObIMKzw43CkHbCo8K6w4wKG8OFOBPCtHBMw5t/wrXCkCXCs8KpB8OJw7DCmsKAPFvClGVew5PChgoaLsOmF23DrgYd';
d+='U8OZw7ZMwqEZw60tw7TDhcOpw4bCnMKyG0nCtz/CiMKHw4PCuF0bNcKlI8OudErDllBeJUHCvwXDjgXCtH5Ewpgye8KMw5/CjcK6f1QfcHPCtjPDpgoawr0YEsOVw4TCh8KHw6nCgHxLG8O0c8OSfsKRw7TCjhpTHxtcw7LCsTUSwq0WTsOQw5ULwpIOHApXEMOtesKW';
d+='IG5WJ8KIUwNlWsKIEMOKAQNlwpbCjsOkLBjDlHnCu8O6w4fDszknNMOjw5gmecKfJsKjw6MrwrMgJMO5BjLDiHHDrjzCrMKNwozDp23CkcOMw413CirCiDrCp8KAw58Ywp7DtMO7UMO2ITLDpm5NwpTDmcORPkEpacKuw45KB08hbMKBwoJXw7M4w6E4wptCbwdJwq9B';
d+='wpMEPcKEGMOBQTJ6UR/CpMOjI8OCwoxWfcOowohwYTLCoB7CqcOfDBI5RlLCoMOfwo12HMOVRy7Chk4lwoVWcx3DkmxGAcONw706RW8ZICcZA2lSJiEQw6XClAHCqg8aJykOw6XCkMKQw6LCvGA0w7fConbDsMOgwqQmU8O6woDCo8K5wrJ0w4REw5HDjm9VTBR3w6PD';
d+='gSAdJMODGmxLwpogEsKcQ8OdHB3Dj8Kyw5oXw5lgbcKQdMKTw57DpMKAch0QKcOkBcKMwo7DiMO5w5BCSgUhEcKiw7pYwpA2wobDjgPDgsOXwooQUV/DkcOxw5w7GRx1wqLCmiwZESBaRkHDmmYFLcKmcFbCnMKDSMK7CWXDoMK1QWQYw7fCklEARCczJS/DhMK5byTD';
d+='rR4iwqDDqi0EwovCiMOJWcOrQ8KvwrQJwp3DlsK6w6DChnbCj8KTw7jCsD5wwoRQdFIPH0IHwoMqTMKKw5xLwrvDu8K1wpLCj8KiwrPCpmPCnXPDmhdoYXUwTHt1w7JEw5nCtTA8JCcLd8OkworCq8KMO0jCkWgiwofCpgHCmsOvw5DDtsKjwoMaccKEwpFMKWTCg8OG';
d+='woV0MMKvwrDDjgYawp/Cs8OHaAEBwrlsWQDCgcK3AEvDsGIswrQabMKmwqPCoHXDmHjClMO2w6LDusKEeAbDiSzCnTTChBYiBMO3woV4aHcQJcKjwrQ+w67DlnJJR8O1RMK2wq1GwpkCHsK6worCvT5gJFfCksKEwoNoVcOow6JGwqfDh2knOcKoVcK6Z8Klw6XDhsKG';
d+='w5YwG0pmCivCsQ/Do04/aMKNwo7Do0FNwqbCvwjCk8ORwozCslfDqBstNRXCqMOuwo3CpMOXDmolJEvCp8Okw6k6DTrCi2gKVMK3MxrDlMOmRAfDoHjDhsKNAHXCkyUpVsKcwpbCrcONVMOWGMKINMKcwoDCuEImwrHCliJEw6jDlycEw7J0OMKWw5wpCcOGFcOzwoga';
d+='CSYDwqI5CcOGwonCgmDDrg1owqLCn8K2c3bDqxTDs3jDoQXDrcOuwqbDpSvCujzCqcKmG21zJBLCjCY5XcKQBsK6LlDDmsOcwrXCp0l1wrrCqyDCq24WE8KgwqJ1w6HCrMKHw4XDhcOhGwBUwqFWIsODwrdgOzkmHcOUdCfCn8OLw7AVwrLCpRvDoMOTwqExOh/CngVb';
d+='PMK8w6ghV15lPSxEETcCw4hEXlsvJj4Tw5LDrRlZD29Mw7bCl8Kqw6vDrMOcHMKqL8OYOcKpwosew5JlAMOowqDCuMOxwoLDmcKlw5rDnMOZTEHDhcKCUihdL8KpMgotOsK5GwFUw5nCncK/wqjCvmDCp0rDhsOew457OHFLPVTDhcKlwoF6eTtHwqd+acKow43Dq8O4';
d+='AsOUw7QucwbCi8K2wq1vw5JDwpjCmcOIw7HCvcKOL8OwIcOTOsOjSsKzwpjCvsKAM3DCpcOOTMONwrzChi9AdS90Pj7Ci8OpDGjDg8KIw6ZZB1/DgxfCoMK2Yz7Dh8K3wpjCvgA9wrTDgmrDqsKhfQ1nQMODwqN0Xn0xGQbDicKOdiZzw4fDtjXCnAHCqiPCucOITMOQ';
d+='LsKgM8KAwofCkirChMK3csKhw6DChhUmwqomP8OtwpgMwrMtwol1PMOPRjDCjVXDsBJeIioTw4LDsBrDuzwnFMOdJkpXNgllXCHDg8Obw6hGR8KVWwwXE8KOCMOpV8KrwoDCpsK4wqPDrh7DrVLCr8KLwpplP37Do8Opwo4EwrrDm03Dm8OiWcOCw63CuF0fMMKcVlRD';
d+='w63ChcKkVcO9w6LChsKLw43DtMKkw70iP8O9EsO3wo7Ckl7CjcOkJE1+w5PCn8KURMOORcOHw7w0wqJ9wqrDrWRIVFdpTgsIw4xLQVfDixsmw6h6TlXDoDnDmsKwWcK5w6lnw6HDqMKBc8OtwrzCpMOJeS9DKcO8w43Dp8KzFhPCiQvCmVfCmsKQw7DDon1dw7HDgSAe';
d+='BcOpw6Aow6olf8KRw61+b8K0w5N4GMO0w5JRcBrDtUbDuXnCs0bDmsKPe8O0wrEfwqfDvU59NMKTG09HwpTCmMKjw4MBJRZXH0ESEBUqw60kISnChsKEGS1eOkdFw6fDhcKHcXbCjnpYImXDmiIfw6wnR8OBMD3CocKdw6N0LsOiOD3DjcObaMOUwo1awonCgXx2D0l2';
d+='QXBBw4/Ds8OhwrkMcjpQw5nDn8ODwrJRwqrDjQDDkCEfw4bCkcKVcg8lMcOFwrPDhcK1w5HDtDESwovDtBpAworCp8KJSxgraBzDhcKQw5/Ds156w5oLwropJEvCgsKmD8KNwojDjsO3DMKzwrPCh8OJIDhNOsK1w5l6w4rDqR5oOsKSI2hiw49mwr/ChFVXwpESEsK6';
d+='asKMZ0jCisKnwpTDrsKnwoMqwp7CusKTwp3DscOowqbCkGHDksKlQy3CmU86TnpHSA4bw6TCpcOyA8ORwpnDsMOrIsObwrnCvwjCkcOnU3Qow61gwpDCnsK2w6nDrFrDrnXDrzTDkl7Dp0XCkMO2w6Jgw79kCHoeDmnDo0PCoxMjW8OJw488BUfCg8KkPsKjMMOvw5cj';
d+='w4bDm0LDo8Ogwp3DpGDClHTDo8OJacOhwozCuMKTYRAdZMKnwqhJG8OwJmrCkCc7SAfDkMKQw7wIX8KDTkXDrcKfDHpxO8OYT8OBw710eMOzMHN1SS9TNno5CsKOw5PCk2Ftw7zCnHQCQRwdw7XDs8KhwoFZFcOiwpnDscK9AkPCjMOBw7AwAcO0TCkILR3Ci2tgwqQG';
d+='w7HDsMOgJCbDs8OJwpUqOBzCpMOdwqwEwo1sWMKXwpFQwozDmSxGwqfDrU50w7dzw4HCgEZQwofDnijDqcKdw4A0w4Z3JgTDg27DlMOpBMORYMKUHHTDokbCrlFBLz4dBsO9wqgfD8OywosYw6hZwqYVUMKsRj/DrSQowp1Ewr1hw6ZUw5pJwr/Ck3YjeMKbaMKQK2Me';
d+='OsOlw77DpcKSwr7DhVTCoMOmCsKnOcO9w6YRHcKLNiF8wrEoLAbCtHrCmWrDnQnCgG9wMjwGVgzDtsOUUMKhwosnw4PCk8KowpPCvcOPBwPCpjpDXhlhw5FWVUjChz7DlkYBw6fDvUDDjMKsKcKOw5I0OMOqRMK5wpYcw5PCtR7DqcOzw6wiwqM+eMOtBEN0GkcDw4JP';
d+='GnLDkksOw5NBwpcUb2LCkcOTWxHCgnHCg8O9NMObwrPDnEnCnsKTRh/Dh8KDNMOXL2jDrsK4w4nDusKMwqHDp8OGWcO6LSNOK2LDhVjCry4RTsO+w7MKwrTDk8Kcwq42VkV3Xi8gFcK/E8KRw6/CgsOrJMOdw6jDncK6aMKYwpFSOMO6w6URTsKSwpFeFcOxIEnCnsKY';
d+='X2XCmsOcw4nCssOHIcOMccOsBsO2w6NOwqc2W2jDp8O+RkYef3fDksK0w50hwqLCuRNEw4lgGMKdw57DiS7ClcOrwoDCpylhTsOpw5LCuXwow4jCgcKOwo5TeMOHZBR3wofCv2/Dr2rCm8OkwrbCkcOzd8O9worCvcOLwockVS4ew55fwqoUVcOJwrZswqsiWy5JOcKf';
d+='w6/Ci0pewq3CosKtw5PCi8KzwpLDjsOxwr9PP8OgDMKHMwTDiAHDgMOlaGLDilfCt8OSLAYEw7vDqUbCv8Kgw5FNwpvDusONw47CpsO4w6IOEsOAL8Oew7/Ds8OqBhXDmj7CtEXDnG7Crj9cfzjCm01pwrTDsUYbwqZ9fcOVKsO0w59CwrwWFMOYw4ZswrEzw598IiZB';
d+='wr0bMErCoAdZwqIvb8Kuw795w7XDrk7DkMKOL2DCqMK+A0Uxw4nDtcOLwqsXMFBuwq7CiGrDm3jDjcO1w4dPLcO7EcOhwprDpsOOw5PCq8KPH1sdGVRCwqthL34hwq3DssOfwp9+w7/Dlw93wq7DvsKXwqzCkg/DtMKEL8OwUMO6RgjDrGw+fcO/w65Mwqp5TMK0BgnC';
d+='r8OwPcOqAMK+w7pETMOYGmgXwr3Cg8KAUMOhwqHDpU98dMO1w7bDuirCmGkXNzA8w4guw7vDtMOrwp/DrsO8w7TDusKawoxeUsKWw5fDhMOrwp3CksOdOBfCv3zCun7Ds8KydS3CiXogw7nCp8OrD8KvQ8O1wp7Dt2dDw4TDkcOGU1vDk8KEHMOnw6vDi8K2w6DDi8OF';
d+='wodPH37CvcK8JsKzwpTCtsK1w5cvw755TcO8wrwxQMK2wpYaDMK1wo3DvQITwoTDuMO+w7LDtWbDk8K8w5Mfc0nDlAY4wr83d8OIdQvDhg3DvcOfJTB5wr/CtcKBwrvDkcOEwrfCl8K0wo1ew7zDusKaPMOaJsOUYcOfwrMMP8K8wrh+wrlhw7U7YcOMw4XCnzHDpiPC';
d+='jkY+BsKZwrp6w7HDssOPZ8Kzwq/CjDbDjcOaw6wrw5fCl8KvN0fDngTDhUdsLsKXwq/DnxNOX8Ocwrl+dcOxwpB2wpo3b8Oew7/CtkfDhxAAIMOAw77Ch8OcwpzCtjzDnD7CkcOvXMK/fXvDtcOywpo2KgLCpTkjYknCpRnDssK9wpVsDMO2w6RDYsO9F0nDtMONw4VX';
d+='w6/Dn33DuHjDs8OpcsKqJCxzwrTCs8KEwpLDi8KhexzCrMOOw4/Dr8KVRzrCj8K1YkvDmEPCn8K+eBtUQFtZwqzDtQ/CoHc6Vz9iw4bCnA3Dsip0wq7Co8Odw4szwqTDqgrCrsOOw7XDjMKmexPCg2NRehM9AMO0w75HaMKfD1BEN8K/X8O8w73DvcO7wrcXD8Obwo3C';
d+='lsO+w77DrsOiw7HCp8KPYRfDvsOyw4XDpT8uwr7CvcOZHcOTXMK1VsOCb8Kvw5/Cv8K5asOuw5zDmUZPw5/CkcOKw7rDosOiw7LDjTUNw4fCvx9dwr/Du8OHw4Vfwq/Cr37Cu8Kzwolqw5zCgFXDiMK4eMOZw5oJw6HCqcO0w6XCty8+w77Dm8Kvw6TCu8O/w6nDn8Ov';
d+='wrzCvXrDt2nCowwvwr7Dh8OfH17Cvn/Dlz3DtDUxw6DDtcOHwovDn8Oew5/DvMOjAz3Dt8Onw7fCn8KIGcOfXcK8fE9LwqFHw7xOw79uw53DksKuw5zDn8KXw5c3L8ODEmAxwr/Dvy3DhcKFwpvCssONQiM3wrdBw4fDiUYww7XDucOlRsK2DivDn8KUPMO0w4PCkMO8';
d+='w7fDuyXCp3DCgMO6w6HDjjbDusO0w7pzwr0ceWTDk8Kzw7DDrXTDp8Kzw7vDjw8vwr8ObynDr8OGw5x9w7LDoMORfTRHwr/Dtx/DtMO8w63Dn8OvfjnCmGR4wpF7N2YPwqrDocOzwofCt8Oaw7PCnx8pAHLDtMOzwodlAsKWfcO+wrDDqsOCw4LDjx9UwrJYw7TDucKR';
d+='w5ogw4s+f1hsZcOZw6cPwqvDscOkP39Qc8Opw6jCpw/Cqhstw7fDsMKYw7nCmMO5w7RoI8KpwqMeH21kwrDDpMOTB8KNShZ9w7jCoC3DjHJPwo/DlsODPMK/w4cPWkIdw7vDuGHCrcOeJV9+wpbCp8KXwr57wqzDrMO2woIvP8OTw6MLw58+w5J5aknCkcKfw6PDocOl';
d+='bz7DqC3CtsOowqvDj8Oxw7TDsncffHPDkXcfw7TDp1vDtMOpwoMmwojCt8Ozw7QjfCN4bmnCtyjDuHU9Fw9zbx/Dkk94CcKuw5k3wo/Drn/Ci093w7/CuMO7w6PDvScPfnjDtsK8w7vDrl8OP8O4G8K+w7DCt3t3f8OGw4/Cn8Ovw53DvcOpHsOHwq07esO0d8O3OHJq';
d+='wr7CowXDoXdPw67DncO9w7vDoydfwpMbw7gDw7nCoMOPHz3DvsKJw77CusKbd8Okd8O9X33Dt8Oww5vDr8KSw58bw7zCsgfDocO2w4Mtw7HDkUBVwpFjw4jDkUHDlcOqCHnDuiPDoz1jd3TDomNEYzHCqkk4wqTCgW4Iw4XCtsKEw4PDjcOgQDjCucKlG8KfIsOcw74i';
d+='wrnDgBrDkVrCvsKMwpzDu8KhIxbCumTChMKEw7oaKsO3wpc1QcOkSD/DmyMZMwnDqxjDpcORCMOgwoDDssO4ShbDpTdtw54Ew47DnxXCnMK8csOKR8OXX0rDucK2wp0udmnDtMOTHcOjw69kw6PDnSPDmTvChcO1wpDDssKwSAPDoXFpwrLCmsOlw5vDrVMJFGbCsXDD';
d+='j8KWw55CBgsYJXHCvCdwJnsPUB0hcmhuVsOMw57CtcKMPFhpKcKVW03Dq8K4w7UoWsOlIlTDlsOlPDvCgHBIw49AwrzClmvDlQxcw5vCvg45ahbChkPDsX5RS8OPw54CwpJcwptuw7TCnMOJwrUDCMOHwqgcImVVwrtyLwLDg00Iw4DDmFpuHsK8QSnDtVvCqxXDt8Kj';
d+='TQgmL8OLw4tKwooNwpUFAiTCoV0eV8KeCTHCgw3CssKJwr04w6MVYi/CpsKWw6YbAx8XEMKIWMK+wpbDpsK9wonCkhzCn8Ouw7nCncOJw7EHMMKPIsKhw6wEEsOZNsOJw6HDo8KrcMOYw4TDs8KEwpMWAT1Rwo5Dw6sveiPCkXTCr8ONw6LDnC/DnMOWVcKxw4Mtw6Z4';
d+='dsKvw6XDq8KWDGQuScK4w43DlcO0w6xNwpTDpMOrdMKbw7dMwr4eQDhGZcOOw6bDoMOlw4Ejw6vCuHkTIMOmwqHDggU6UsKUUsK/wo3CvTjDrBVKd8Otw6Bnw6LDpgHCtDHCjcK5NcO0w4wpwrnCuSXCg3VoD8KkUcOLwqDCjsKewr3CicKSw5w8woh6wpVyw7MAw4Ix';
d+='KsO7OcKYecOww4Q6w6LCt8KhT8OmHWLCn8OGwpQTfzDDkcOCw4zCvMObNMKqwpjDuSjCpiwlwrMwZAJqVsKjAQcTJXnDvDDCqF3DisOiA2DDh2g/C8KLwo/DsmQmw603JxvCrhHDgRPCkV7ClG/DmMODwp1/acOjW8K4w4bDriIgDUMHw4/DrsOPDFw/aljClGrDisKE';
d+='OcKfT8O4w55EKcKuH8Kew54WwrLDvRDDqwk4OCrDgMKOw6PCkR8ZHDU1SsO9wqHCqFHCn8KDw4bDgMKcX8OaCsK3dkd3wrjCoWzCjsKww4rCqMKzWMOqw7N4wo/CusKyw57ClsO7w7vDg8KJwpLCvH/CmDZRw4rDugN8wqcgIMOAIhDDpMKzw7vCqMKfwpgNw4EmwolF';
d+='SGPCkMOFUmHDnGwiw7QaN8KxwpzDtCPDvsO/ZsKkw6HCtFPCucO9wpLDmDVHPcOYAHYbP8Kfd8Ojw591QcKUworDi8OQBcKxw5bCrBw9w5LDiCfDvG7CngnCunvCtMOfVMKJI8KIwqN4f8KAw7QEGMKcTcKqw6HDkgPCocOeIsOqT8KEUid7GWAow4EcworCmsKgLMKj';
d+='w6fCo8KnFcOHw4R9wo/DkQYDw7xjaMKow4bDtgFwG2TDnMO8w7bDkcKGAgYlwqnCiALDhcOAw5RCw5BbQArCgsOtSMOhacKgKMKPQw5Bw4/CgMKAw7PClE3CpMOkw5LDh0nDgxcpw4QgwqJWFsK2f8K4UH3Du8KHw49iw7/CjBsswqXDisKXKcKpQwppNcK9w7szwqXC';
d+='mH7CmMK2WsOIw7URwozCp2BQYhYbaMOCaMOJTMOEw5gcYzEyCsKJejjDhyrDncO+wqN+w7TDgiEeRcKbWUdwM8OpbsOlwrsAwqNRwprCssOAwoPChy8aw6hVan7DhibCigtANMKLwrNIAsKiaE8AQhbDr8K8wobDkGTDqCYXwpE2w4MXAcK9wpDDoVvCjkhkwqLDhUPD';
d+='t8KaLCJjOMOzw5oIGsKlwrcqw5fDgRdjwrs/w5V5MlPCjFzChsKCw4HCjSobEsKtS1VDdMKmwoRkRMKSwrvDiwQjAn0GOsKCwrspdHLChWTCgsKpwrPDkcOZXAHCsAwVDFTCqMOaV8KITmTCpsOlw48EwqDDtMKsw4RFPsOya8K9w6nCpATDhcObwo3DsUQ1w64cF8O1';
d+='UjLDhcOWwqVACMOvw5vCuxjCpQHCu8OoTCkxwolcACnClMKTCMO6GQDDkcKOMwVQwrbCoExww7bCrcK7b0YJw6IKwrJNwr3DtmTDocOTa8KPw6xXw4cBccKMwqAMfcOGw4jChsKFw4vCqcKKXG1vURhMwokuwrXDhBAOwop5w4vCvSTCkcOTbsKYEMKYLSjCgQoaw5U0';
d+='VcKgQsKxwqtRwofDg8O+ClI4bMKGwpJbJMOCw5DDksKwahTDvBwgwrxJAGFswojCjcOQFsOIwqXDosKeL8OsWUdfwqwUFzIoaQvClVzDkEzDnMKJwpHDuMOGUcKuw57CtHhEeSECwotpw5NewqzCtsOCCnINOkXCog19w4sKYcK9w6HCtE3DlSd4dlTCsMKCNBtRQRZr';
d+='w7RaHMO6K0jDoiBwScK5cRLDrcKSwqQ3w6UKIwJ+DhDDjibCgCBHWnPChkZXwoJ+OjTCvyvDigglwo9cIcO9wonCkRbChcKdVRcjwo/Cvm8FXEBKWsOAw6XDuUjCnHw+wrEZwrJIRMK9C8K0w4fDqcK5woR2wovClsK0DcOvw7/DgsONIzbCtBjDjVFmwp7CqFAXw4HD';
d+='qsOmw6PCuALCj8O5w4rCvcOFw4hMKXzCrMOkw4zCksO9aBHDvjFWwpfDnmPCiTJFDkDDqMODOA5QwrbDvRVZUU1oS8KSMkYZE1TCjMOXWsOJcsO7eMKzMBwBwofChcOFHMKVwpPDiMKPRMOyDhfCksK2WMOhOcOTw53CocKTw4QRL8ODw64Lw5UrTsKXwow6KXbDuTDD';
d+='tGdKwopJw4h2bgwaw65awpXCuFHClyElfcOoM2AwIgHCgxdAwpbDtMKhFMKCLDdRKTLDvcOlw40BVkoEwo8Fw4vCoRLCnMOEJMKSZjPDiMKjwqxMwrbCnMONUhPCmnZPwoZeKRjDgcKQw4cRwrDCksKkZTXDim5Lci3CncOiJxLCmB3DpcKUQw10wqJKwqHDnsKPw48U';
d+='BWE3w5RZcgJhw4YUHghGwoHDjwDCgcO8w5AYCMOkZGpnLXPDnsKRw4/Co2DDlAVMwoxHMsKIEcOBF2IKwqnDm1lpDcODwrXDlinCnMOWAMKUwqR5woIFWHjClsKyw43CtwgxbRXDsi1Sw7dad8KpGQxPw4bDkMK4RVDCkFLCglLCjsOkMXpFNgfCl8KiU8O9w6hDY8K9';
d+='wqMNw4/Dk8O2ZcODE08lKxN5KcK5FMOfwp9pworDonJDcVcsKxHCmHPCgFBsCsKIXB8mwrbCojkSfRLCqSoZw7jCkBo1wrgjwo/CusOdwpzCpk4pw7/DnVArVRgZwo/DiEwqwpQ4T0TDtjJFXMOgNcOtHk5rwocGAsOtw7EjbsODw4BWF8K0w5lpw4FrA8OIwr3DtwrC';
d+='l8OmccKLflnCvz/CvsKCCRDCpMOhYWTDoRXCijjDsEfCgwDDs38cwoRcAcOZw5bCj8OXDipMKF7CqTNiwq9XDMKOQcKCwoZFw68Uwq5cw5I8w54Nw7XDqMKfSyNvWULCkMOrKMKFIcK9LmjCoHNmew/Cl8K+TMOKw5JLw48kI8O9LWrCnMO8ahjCthTCkSDCiSjCvGUU';
d+='wp9pAgbCjVQeGlkjIwPDqHNgQMKLwqJRGMKyw5VIZEE1w7AEwqkjN8KewqFyBcO6T8KUw6t5LzwZw4INw7fChMKOwpHDiVDDi2bCpCPCklnCiy7Dk0XCucK6acKWwojDgcKjG2VowqfCosK3wrXChMODdg9DwrrCtsKnVxZcOlQLwqwNIMOvaMKgwqwNRBDDhXtYLQrD';
d+='vRXCpGDCsMKcKMOAcGLDmnjCq0zCucKxNUQ+AwQlJkDDiBcRwrBXcMK2EMOJU8K8wq7Cok7DrMO1w4rCscKRSFpmaMOla8KUH8OxPcOCUMOaw77CucODO2gWTyc6SkTChgwRS8Kbw7DCjcK2w5J6VF7DpcKWw6suGsKpEXbDl8Ohw6zDmloCwrHDthRyRwbDhHBAwoXC';
d+='hcKLwr9EF8KQdEgMJ8Ojwr/CscKaw4PDnMKxwrZKRg7CscOPwoHDgcO5KRhKw4QELMOGwrTCsGFFwpXDucKOwrE3wqzDgwd6CRPCjWxhYSQpLhdkUyfCqj4cKSYHPBHCgcOHMkQdHT1JOsKjwrQVwr3Cs0grwrRzBA9Zwq7CrMKqIsOHHDDDiHAfAy9SYW4NJkpLwonC';
d+='k8KMNcOewqMUwpUwwqo8w4Q1RD4HBWfCp1AoE8KSwr0Fwp1iwq/Ckg3DjlXDgwpSJ8KMw5vCocOkw7A4w6bCgjAUHsKRHMKrMyB4wqTDh8KdwqHCscK0wq7DjsOowoXCnsK0w4rCosKAO8Kuw7R5V3spfEcFWsKPDcOqwrAqHXV6w6/Di8OHwqc/U8OSw57CklwhcsKi';
d+='wrUkwqMrYcO1Hi0lw7s8cTw8IsOkw47Cj8OCU8KqSsO6C8KaQ8KVJCzChHx0LAvCjsKGHwk9bsKEwocrw7QOMcO7TRkLNMOJPkdENjFJw6TDksOWwpPDgcKLw4Nmw67DtsKyw6/ClGHDghrCmsOqZMOVQXbDryHCjG3DtXlFw7xkOFMKwoZIw43Dujohw6lBwp/CgQIp';
d+='wrJxFEpFwqTCt8Kcw5MoEk3DmjHCrGDDpMOIKgw1w6TCrsKZVsKRwpRHwrHCjnQ+eMOYOkLCoxvDmsOhZXdow4VlaMOBw6BESEbClWxYw7LCs1TCk3hmdcOQJFXCucOCw5PCmsKpYMKvw6rDjcKUw5YkFsOJwofDhMKcwrYhwqR4wq3CkMO0wpkiBx/CpcKmw7ApwpXC';
d+='k8O+worDpsOAJ8KlwpoKdjHDi8KCwq/DgcKmwrx3w5pCLMKsRi0KDg5zw6RHIWtDacKDAyzDj8Klw7bCnT3DjBE6w6bDgcKVZEjDlMKZw48QCxsDwqsqw44zLcKMBcOOSm/CpsKkw7Bgw6HDpMKoeMKrw5DCjcKpMMKDJcOOEMOHwoMjw5DCmWQcwpxSw5nDqS9oDnhS';
d+='wrLCmA8Pw7nCiWFhUx7CvWk4fEnDiE5hw5LDisORwrLCgxsJTipyKD3DvcKPb8KvC0nDpkInPS5gBTDCq07Dr8ORw4dlwq5Aw4F0w7MkJcOEcg0+IsOWbHRIwrfCrcKTwpAew6wZCEg/woVAwqnCgMO0w5YzwovChcKcwpDCt8OMwqjCvUMjcxc8wp5kwr3CjcONUDLC';
d+='jjVvwo3DqUTCjsOEbMKHJ8OSwrEmwoTDrMOJDMOkZHQow5Mpf1zCk1bCjixaw67CrMKuKsKEP0PCgH4kw6DCn8KPQ3/CpmTDkMOrwrDDgVTDhcOhw4kBw7Q5KFg7woFCw6nDsUl/QXMcwp/CpMOOw4RyNzDDmwjCqVvDnRDDsyPDq8O0w4UBw7bCscOgI8OtSsOYIMK5';
d+='wpNew4huwrfDokogw5rCgsKPHMKBw4FMwo3CqzLDh8K2ZBsvA8OBdcOpw7XChsO4TEnDh33DkMKzwq1GZ8OswoPCnAEDcg7Dh2EoUxrDuwvCmgMew6HCg8KlKisdw4bCvcKJwpbClgbDlMO6wrM4wpByOMKSw7LDmnXDksKgw5DDo8KUScO0A8OZZMKvw4zDonnCpMK5';
d+='wroUBhzDsAXDslUeV8Otw4/ClMKUwpJhX8OFSjHDmcKBwp8Bwo/DlVPDsBRLScKcwqtLw5HDkSJEY0sLFUQnGsO1PBwKdWHCpMKpOko8QsKROMKPY2XCpsKQwqdGw4/DrMKqw5k4NBnDt8OGMcOaw5rCmGR8LsKnPcONw6rCpcOgMMOpw4PCjlh6w78nPsOTQsKRw6E9';
d+='wpY4HsKeUMOddBzCnlLDkUnDsMO6UsKhYVzDknAhXiVjwq5hwpUmOcOEOMKmw5BVA8KTw5pZwqHCrRDDim01esK4fC3CrBXCisO0wq8ywqLCtsOYUG9Bw5rCtcOiwrBwH8KXw7gKwpJsP8OsBFzDicO2PcKUM3BAw7x0AsKIUsOGNzjCuMKnFcKpWcKODcO3w5/CsFLC';
d+='pRPCt8KGwplmLDN0wqxEw4DCv8O2w6ANIsK5DcOJel3DnUtywqZIUzluwpjCosKdwqhGImZSBMK8fcKPwqrDnMORwoPCicKSw7Iww6zDjF0nD33CjHNQUGwCwoViccOoLWgWC1fCtGpfVRtRSMKYDVk3wqfDkA/CtsKxw54wZ8KIR2jDu8ORwrvDqn/CijYQJhTDmQTD';
d+='hgsmw6ZzNWzCuzvCq1nDgsKEwrZRwq09wqhlwrU/w57CnyklJ0QnGgsjw5TCkcONJBNnwrgZcsOSAz8HHsKSw5U+PMOzwplLwr3DtcOMwoHCjhNSBMK0wqvDvcOxw75Mwp/CjcOSEArCucOuwo7ChzvDm8Kkw4vDjRzCt8Kmw4bDucK6OG7CpcOaEwpVw63CkcO3Z0rD';
d+='i8KJwrPDlsOTUG0awqfCtcKuw4zDisOawoc/ByArw7YBwppNUFLCnF3CrMOtcUELw7NVJgTDrWvCpsKlJUVzw58gB8KOe0vDuxLClyZhXcONGMK6SsKYScKlOCTDlFM+DMK9wonCklJCwq7CgMOkw6TCgBjDskLDiCEpLMOiGMKHPgPCnAPCo2vDhsOAVcOKSipFJ8Kh';
d+='wp5Kw4LCu206wq86woFXHsKuEVrDq8KMw4bDjcKdw5BwwrTDncKswrRqwpzDt8OOwpLCp8KoOHHDhnxBKsOaB0MEUcOPJCUpw6fCsiTCvsK7wpspKSfCpAzDucOWw6pyw5pXe8OrfcO0M8OwcXoKwp/DsgDDr25BwrNowpNEFMKmw4Aqw7YqBMOQwpJNworCtkN9wrMJ';
d+='woQmwpopZsKIT8KfJyJ3wqcZw5rDhcORwqtxacKZa8OLf27DrsKLwpDCkjHDijFBwqY5w6ocw4xnwo3CoSIJFnTCogTDk8K9BcKkUMKYw7nCvsOIPsO0OTB4NgXDgzLCpRzDo29SGUvDqcKZaWPDosOAQcKDw7Zow5NUJsK9TzrDsSYUN1DCnCxfbX04d8OaZDEYw5rD';
d+='uMKdMkjDhCYcw7RcV0bDksOeRMOxfiVMUMOswqrDmsKLw6/Dj8KUw5QnWio0HWIoTsOqHcKrwrbCu8O6XMKRAcKQCsKaeRTCoFLChcKScifDigFqw63Ch8Oqw6DCr8OTJsKIwqLCvh0/wr7Ch37CrDINw67DvsKSO8OKFcO5C1Z3bsKiwpfCjcKxwrRvcsKvQ0HCr8KZ';
d+='wqREwrfDqcORw7TCvMKTHT7DtVbCkMKUBsOUwqpWwo1yw4TCpsOhAmDCtcKvw57CgzgDBMK0HxlDYWnCpcORf8KNSlfCkMK3acK3esOiwpzCnMKUBsKpw5PCoDPCqi7ChxwiH8KrG8KANFApw4hYY8KSw4zChn7DuV/DowgaRsKLJcKZV8KfQcOCwpXDkiFwwq/Cqz3D';
d+='ssO+TMKLGVF9w6wzcCADeALCh1LDjcOQX8OQwokOaHfCumRCGsKsaC8ew5jCqsK7HkcEeFFFUCATw5Rpw6nCvcOlwp0Fw6XDoUpxQcOYCMOhw7nCnGHCq8KEw4VTwqzCoE3Cmy7CrcKrPcK+w75MScKdw6HChCFoaMO3RsKmM8KvT0zDrMOxw4TDscOwKGLCkQl4worD';
d+='rcKnwrjCvVPCvMKJwrHCkMO2wqt1wrUDw5LCn2lUesOQYcOXBBVgbz3CniUaw4cdw5nCsMOMM8OBwrrChMK4woHDtMOMJzwJZi/DjhpNwoTDhwrDosKKwr3CmcOSw4JjJUwLUsO1wqRmfHXCtmLCnyXCjkdnIDzCs8OJTsKKw5nDi3N6w6PDgcKxHHTCtEDCkQDClHBt';
d+='w5DDvMKpwrZ+w5NxF0EGw4UHY8K+YXtAwqbChREEUGcMa8KBKsOJTDPDshHDiTJQc8KEwrJaGhhvcAnDicKUV3vCqEXCocK/woLDpBbDlg7DtQ7CvQNpaMOFZcOcIcO0GTBoFcKHQcOqw4bCkVnDhsKlwpDDhsKHw4JBRSLCoz3Cp8OdwoA3w5ZxwovDpMOhasKJGcK+';
d+='bClWw4Yqw6TDrMKGwrQgwrJVw4bCijzCtEPCvSQHEkMrRGbDiCAxwpvDmTQaw5d2PMKNJ3/DlcOaDizDkQhJw6gpwo52Q3PDpDRuwojDgDzDisO4wpnDgyrCi0vCiMOMcAVpw5dlwrbCqlpDw6xzYHByHMKGw6Ucw7nDoXvClMOCw6DChBLCuMO3w61oJlIKY8OGVztU';
d+='ecKSaAzCrcKoMTfDhD5ewrfCiVvDnHR2TiF5elvCtwkdDsObfsKpwo5Lw4dOWSE+wpDChDgTw63DrcOIw6DCqcOYwpQGE8KNwqIgGsOlfBhZw5jDhSfCjnwGCMOkw5ZPwoDCkG9kDRdUAw7Chz3DqkM7csOTwqDDqnDCscKQw4Rmw7pMwoRESsOUwobCol3DisOjwonD';
d+='lm7DiwUYVHMywp5Wwq7ChCbDt3HCjgPDt1FeL0MHwo0wYQdpe1jDsj8Xwp3DvcKZEsOodEPCjQpAwpbDtsOAworCs0QGOlJPwqDCkys8U8OMwp4PD0fDng4qfznCuH7DpWnCjsKxwpk+E8OhISXDn2jDr3DCqcKNwqwzacKVw67CpEfCkwXDoDXCmcKww4IxWS88U8Oc';
d+='XgzCjwvCjnnDucOpb2TCosKkw6zCtCPCtRfCocOKUsO5woXCqhhHw6TCgCPDjTg4w7nCsjPDjsOrw7nDoEhUw6wiCcKHw5nDrsKUKU7CpMKPw43DtMOZWGc0QjvCpVFKw4DDkhbCty3DtMKPLU8awq7CpVcGwpnCqTPDiMOOKMKvwpfCoRPCgA4kLU7CuMKLTMKUFMKd';
d+='diQXIA4NLU7CrsKPMUQGNkZNYMKTLzrDo8KsfsO7fiRxwqkUw4w1OsOUwoVhfCTCj2g7FMO1YcOCw5Bbwo7CgEnCsmPDqXfDlhjDrcKJw6LDlsOqLgTDpknCujjCuW1OWiLDncOpHMKYwpYkwr5BwpkCwpDCpMO8KDI2w5MoDsK+IQ4NwpDDqQorbAh+Dg7ChkVxQMKP';
d+='XMKtdUjChzTCpBRsWVfCuMO4w7pqw6BqwoNqwqzCkRLClWTCvC03w4poe8OwEsOHH8KGN1J4NsKiw7c3Q8KJaWUYWsKsWGIsEsOZwrzCuEJVAMKSKsKkUcOQw47Dn8KhBcKbwp1ZZ8OIFUVlwoR6w4USw57DjDXCjMOTw55Mb1bDnkHCpg7ChsO9FcKMw4LCgMOiw7pK';
d+='wofCocOlQhPDgT4HBjQ9wo3DgMOgw5DCigcXwoDCrcKWw4bCisOSw57CvVxxaMO8wrYNwo/DksOmwpDDh8Kzd8K4w4jDm8KWwoLChcOiw4cyXMOLQMODwrwRfcK/HcOpw5rCkcOFKS/Dh0lMwrgjwqQYPU0KwrLDjsKtw6oEwoZ0wp3Dl8OYwr8sw5fCocKsw6TCqcOU';
d+='TCDCiMOCwrETGsOcKFt8w54VwptpFAVFTMOkZBhafMO1N8KCfAYKw5ZHURDDnDU0wpbDoSDCkMKsNMK7w4XChB7DljDCrcK8Z8KaCcKlw4LDiUzDnsKuNlhsFXQbecOELRrDiMKjKcKHLjJTCsK6w41Qwo/CjsOBGFp8w45/wqTDjkEewqswwpYzY8KsVMOObDc7wot4';
d+='JG7CqMOSR14zW2PCqR0nCsKlw7jCpMO2w4t8fMO6M03DoGN1QMOSFsKfYcOGeCIHHnTCtsKKw4AjeCjClyRRwqTDkMKSwq3ChMOMw49WwrjCkMO9SMOjw6kLJMKrNETClWnCp8KUNMKUacKnwrQJwpLCg8Kew5TCqMO5QR7CpsKyw6E6aBLCu3bCoBEow5lNQ8OLw63C';
d+='uQjDg8OEwpxResKWYQwtwpbCtcOqWmYaw44aZ8OJCcK1ZMOMw5rDkC7DpFTDiikQwoQ2TMOFNAjDoioxw5jCn2kUBcKJFsOJAQVXbsOODcKAPx4Dw4XCoxgIXMOQZsKOc2IRAlfClsObcsKHS1vDlsK8wpZcSMKDwpt1w5jCpgRPZmXDjMOWLcOeRTs9w4fDugggEENO';
d+='JyN7woF2LsOfXcOEw4PDniJQbcOXK8OJaMOHO8KdWMK0w4TDsw3CucONJlDCr8O4w7gsNlNCLMK2QzXDjgAxwrTDuMKoP8KCfQ4OUsOEcRBCwqPDncKwd8OWwojDkGd6wqtZPBnCmsKSFAIKfSnCssObMkUlwrLDnBrDsBTDlxzDpcOcw6nCr8KGwpjDmsK7w6IQwrQM';
d+='JcKcw6BIEElIbybCj8KmFxciw4U5KTFuwp0iw6pxw5I+wrvCtsOYwoxcV8KhBcOqwrYLUsKxw7XDt15aekJpOhXDqFlpVcK3VCUDEMK7PxHCtcO4clhkwqLClGhtR1oywo7ClMOyw6XDvcKEYizCkQPCj8OkcXgEV8OhJsKDwoLDvMOQwrR6G3bDg8KFD8Otw5F7wpQ2';
d+='BBPCjlHCs2QrwrLDnsKFFVHCpB99SsKIwoTCp8KXJ8Khw7XCnHbDgVIZwrLDtDzDmsODw4gMIQPCg3Ymw5rDgsOiTsKrw7ENw7lYw4zCkcKlw4wNw6vCnFbDnMKWw7HDmnEZLAMewo7Ck2vDswciQl0lQhvCmsKSwoMXSFrCrsKewoYTJTc4BMK2w4gjw6VeIMOJwrnD';
d+='vHplwowhMsOQcTbCgU7CqHfDkcOTQsKuw5BywovCrcKvHCxwwqMSXsKGwqbCh8OEAcOcHcOWKsOLRMKLZENITQvCk8OJA2trwqRDwp4oUVAALcOpE1c5wo7DkEcRDsKJw5waR8KiKD3Cr8O7wrM9dRPDoTTCrsO3wot6WcOaEsOBS8OfUmHDscObw7vCsRXCpHDCsCpc';
d+='wqnDsUYHN14Wwrs6EcOsM3AIwoUcwqI4w6Bow5bCksKrw6PChWDDigYnfMORdMOOw4h7w5XCoUJuwpcLM8KlYsOUc8Opwpk4I8OEDG3Dn3hvJMKSasKVwpHCjHVbwpnCkcO7wqDDjCcbw6gfwoAFFcOrwplqw5nDqMKtICUbw6TCgjsUZSHDk8K5ISvCvTjCpybChnwO';
d+='DMOoYhjCg8KBw7bDjzDDnsKQLUHDqsOIVSkUWsKfQsKrPFrCn8KeQ8O7H8K8bx1aCBXChsKVJcKjBEYxw47DiE1rw5DDh8KDw6xXWS80PQ7CiVjDkMOIwrbDrMOqSMKjwqF4w69PfU7DmnYRw5oEw4Fdw74qf2QBKTHCoRfChknCqsKkwpINw6HDhMKrw6XCpMKPw7YE';
d+='w6U1wpvCosO8w5J6wqLCv8O4SisKw73DjzBTKsKxwozCmMKewrjDnSFhBcKZXWgoHlfDnxlcw5/Dg3tIesKDG3HDpC1sw790F8KWFcKKw7jDtsK0w7rCsMOgYcKpAGBqwqzDpzRuw6HDvgLCkiAowo7DhGvCh8K7KcKSbMOZw7LCuFgEw7kMFELDocKdGAowwrRJwpPC';
d+='kcOfwqE9wrrDl1XDqgkcw5XChcOlVWbDjMOEXsK3UmTCrMOhYcKmw5TDscOlw7zCtlXCjz8iexXDtsKnw47DhsKVKXzDqsOVBMKZw7FhFcKLwpfCv8KPwq0gKScMbcKtGsKDGMKkJMK3wqPDnsOXw6jDgT1FfGPCp8KIwr/CuEfDkVt9HcOxwpnDkMOtTGnCh3tpTSHD';
d+='iMKSwpTCnkxowqENwpPCrsK7w77CjcOaAFrDkR5pwqzDg8ONw5YTwp7CoUzDrGYFwqrCojdTCgYpwrhHw4EdKXTCo8OQa8K3VgbDusOYZ8OgAMK3ehzCh1LDrcOQX8OQLMO4w4QtwoACJwIBJ8OMNMOieBN2wrjDj8KLOhbDhsObw6LDnMKww6Mcb8OsScK+wqvCvWPD';
d+='lHzCkcKoeSjCn8OyB8OzScOfwp8pGRE0CsKpUcOKMk3Cu8KUw6DDhRlhMcK8wqfCiMKPTlfDscOwE8KrFMKHw74qw6YAJRU6KQAFDhvDjWRGwo7Dnmc2wpbDunwQw4sFw6fCnWfDh0PDl8OKw57Cn8O5wowlZgIgw6Vhw7NqdcK9W0AywpjCocOCKcK7w5AMVzc8Lz8P';
d+='wozCgD1OeXEYw404wr3CpcOUX3wdw6lDw78lw4w0w6JTw48dSMOqw4Edwqtnwqt7PMOPbsKLw6fChXMtBU/DpkfDt1fCsFgkwqkPw7c4w60FSsK8f15cw59ffCnDrcKtwoc6woVIwqNMw4AIw6nDiTrDlBbCicOJw4g6K03DqcKNwp8lRsK2G8OUwrchE8OUMMOrQnZo';
d+='w5c4w4PCuAbDt8KuwrnDkBo5PDXDnkFvQSjDgAhiKsKywr3Cq8KtUsKQwpQ0wqJrSVrCocKFBxNNYMKDeiLDjsKWw6fDs0bCuCEHGjJjwqLDkMOASi7CtMKQBsOrWXZrwoolYsOdwrrDu3xkEsKiwqbCrcOJMyNowpjCosOvwqhtaQ/DqcKIwo3CmcOWTFlpwrxAS8KK';
d+='WhUxwpFLWMKWw57Clk7Dh8OKw4Vnf8KmKD40wpQxGy7DgsKRVU97wo8owr7DhBvDo8KJDHgUw7LCtyLDsMKELiJaWsKNe8KCLMKkTm5yw57CkW/CpUNlYsKSwoDCkMO+wpTCn8O7wpbDjiUsw4t9S8KnYx0Pwp7ClsO0bUMaRcKycBfClyU3wrjDmcK9wox+LHLCiB3C';
d+='jWvCnMKiw53CjQhuZQgEdhFCTsK2GkFkCSFdb3zCtSRQwo0yw5zCggR8w7HDqGxsBQkJw5oORcKNSMKMNMKlEhQDPgMFBMKmIijDgMKeMMOcwrtgSMKzwrbCiW/Cm8ObC2NDCG5xw6XDlghzw7TCjcKsw4rDm8K+wpHCtyzDhEhpw6VCw7QQwpfDlkXCvMO3w7vDnFoo';
d+='w4YYwpEIwrolwqHCtFzDklPCvcOgwopJw51pwqFQKMOaM0ZGKinCshl6BsK1ZBDCm3bDqsKiwqLCs1YdEMO7K0gIC2lhw5wHIgxIwofDs2DCvBUKSwTDvAwcw4jDgsKOw6PCgGrDosOKK04SwoTCongGw6/DkhppSGEnNSEtWV86XAXDjkUJw7FrATVbUcKZMMO9w7bD';
d+='pcOYwpHDr0jDvgtqwo0Lw4tGMsOhBRnCt2TDjMKSw6lFwro6XCsowpTCoQjCv0TCsAt3wq9JwqtqNGLClsK7MsOFZMOTICZvwo0nwrXDrXl9csOVwpYGwp4swrlAwoPDhcOrRsOGVsKQUjfCqGEqEcOhMsOkw6jCkglaI0HCh8OIH8KPAsOtwqhRFHBJwpHCvC7CoTjD';
d+='rjTDosKWcmfCsMKRE2Ycw5l5wp5zE8KuwqwuwqJuIm9ZwoMRwqPCmcKcwoMMw7PDpGnDiMOiw6pGwqM0wrXClk5bwqLCrFLCvMKrKQlzwo5MBTTCpcO1wo42wovCk8KdwozCjG9/w7kgw6zDpsK5bcK/JgZ7BgI4c8KIIHBbbk1swrXDtcKKJm1cZCA3wqzDssKSw5rD';
d+='ocK2Iz3Dh1FGIm4zX0lvwo9Lw49gFsKGwrvDlcOMbMOTRw3Diix4wpIhTsKfCzZLw5HCr8Oxw4JEZcKVc8KSw6XCqHPDgcOZwptoFBzCvjltw7TCiXvDlsOHw4jDlcKQH3LCsMOBTcOKGDbDiMKtIHXDhRxJwptCU8OmwqpKw5/DicKiRMKlwpXCvlPDlcOcwo/Ch8OK';
d+='w5DDnsKAwrxZBE8aIcOUw4jCvcOTMFTCoGfCmg4jw6PDqXXDhwjCksOSwpwsX1JlKEHDgEJHwrTDmMOdODILwqVhwqhpwqBIw7I6Y1trw594w5zDk0YEwpQMw4fDunoTJMOZw6jCiMOTeMKlJEnCtsKrwrXCp1tKw4HDksORFsKkKsKvWBDCm2kUHkEMwo4aUDTCtDjC';
d+='pSXDhhM5w7h4NsKBT8Kuw7TDhBZUJz7Dg8KdwrwUH0nDrBvCrsOywqLCpMKjT8O6wqozw57DvMKNw7FEwrxAwrtyOEJVZFNzw5fCoUM2wqRDFyzCgcO7wqZ6woYcw7ktDcKkQcO6wrHDtMKHw43Cs2/Dn8OfwonCrSApJcOtUMKNVBMMwq3CkMKSIcO0GTDCkBUewoMB';
d+='FcKPwozDsFZzVGBUfhcwWMOow5Qzw7ZaZcKoEMOLI8KCSDPCoUotDsKTR8Oywr1QDwp5WsOcwoTCksKHNcKxwoBDw483Yl7Co8KIwoDDl8KaHE3ClBt1wrswDm8Yw5nDnER3TUbCtMKsw5cswoEGwrDChMK0DTQ4wrzCjXDDu8KyEVtBQjbCtkM5Ui4wwrTDuMKIMwZ9';
d+='BgzDpGfDhmAge8KhIVMHBwzDtCXDp8O0VjbCkMKsw6DCjDM+wrTDkXNOLhQNwojCvWYhSjjCvcOSwrjCpUXCr8KCcGDDusKIDcOtBDTDuXUcw4bCimHDhhXDm2Exw5bCiMKhwoRCwp/ChsO8NsKmUMOzwrhDSSPChCBoLcO0OxvDmsKMw5UKSyDCgsKHwpPCrUAEwrPD';
d+='uDlNbAVJGMOawqHDjBgRwoYWH8OUw4TCsMOPwoABwp55BAZBwphyIcKcwrDDpCMiesK2PcKnwqHDjVEwwpTDtSJXw4TDgMKIw4/CgsKIwqwYwpTCig3Dt8KUwoXDocKVNxRjwq9ewoocwqTCghwsw7RmwoJUw4TCksO6SsOTacKQBivCjMKyOMKWJ8OBwrM8fhgtw6Eb';
d+='CcKJAmxMwqnDkGJzcy3Ci3TCulfDljscA1hTe8KiwrnCsyUZCW0wJivCj8Kbwrs9woXDlC/CiFfCrsOzwocTw5VtY0fDicOPEMO6HHTCrMKfQCfDl13CiS3CqBwdcB96w4ogAVXCkMOBw49FccKPw49WenHCmVxrSG/DmkxeWsOJwpjCkH1FwqrCnljDmwnCs012QsKH';
d+='FmXDiDJkw4TDsG0WRMKtwo4hEsKgw73Ch8K3wqHCj8OBYcKlw5tsw4EZw58Pc8Khw5nCmygJDXoPwpDCrcOsYA7DkQZawpzCoB9hwofDo8KRIcOWwo4hwoPDsgzDnhnCrsKRCMOgw6gXXSTCmsK8CcKkw4kgdcONKW8zK8K2RsOWWsKveMOSwqZGHnBgwqg2WcOWwo50';
d+='NVxawqbCvA59c8OpPyY4MU13woggGELDhsOow5sWwrLClk52woozIcKLw7kYw7QmwrrDtSBZBMO3DAg0wo9BwoDDk07DtGhFPRhPw65PwrECGsKuwq1+wpNLw4rDnsOROCnCi34bFj42worDnMOwZMOlwpXDnUjCj8O+KhhacAUsfsODAsOVw510W23CjcOEwp5tEcKh';
d+='w53CrcKRwqHDlhrCvSl5wp3CosK2ABHDlHbCqE5Nw6/CgMKbHMOSw5Z1K8OeEU/CocO7wrHDoMOFw5dVwqMzTcOgYMOQDgRDS8KVTQzDu8Ojw5EROMOfwozCocKDwrwBS8OCLMKYwoQmw6RdSAANfA3DqkcTw7fCk8KGw7Iywq8eXmzCucKLwrrCosOKOsK0DQRTwqI2';
d+='esOLPsK3H1kew4ZRI8OXNRTCjWDCknZQw4dowqFiW8O3AMO1wqtwHsKgQxjDhsOJw5pLA1sawoTDomoWNCg3wqTDq1DDmF9BSsK1woTDvsOBZE0wScOMw6pswqLCucOUMcKiEsKBw754GHDCmSEGA8O6w6zCkV3DpknCukInwqxtJg0ycnDDqkl6KBQ4w47CiwjCkHxZ';
d+='w60tw5LDlsKRwqlMYlMXEsKIwr58EXbDncOKBC7Dv2JlC1RlPU7CgiRqdRomwr3ClxrCmRxbwqPDmiHDm8OJw5HCumErWMKnT2bCmk3CosKawo9Cf8KmwqQEMcK0w4dqw5vCs8OBAirClcKgKMO0GTDCkGTDhWAQZMKLaMOTeg7Cui1dw7HDk8KmwqzCscOGR0x4cnFK';
d+='BcKowr/DlnoBSm/CmlnDkBnChjw7wq4Awp0xI1cHZhLCoCjCu0TCkMOjDmfDjxwJJsOCw4vDkMK7YFMxXzVKCCfChcOGFcKfwppkw45qAQrCtMOzSDnCscOlHSdiE8Klw4TDh8KRwqlOw67Ct0XCqFghwp3Cv0J8BsOAw6fCgMKgdAwEFMKdJAPDkjJOKxTDqMOdwrLC';
d+='jQ1Yw6TCgsOAJcOXAsOvAMONwpkpQcKDw6UuaibDkAo8w75CKxDCuiHDjk1Xw7rCnE1SwqJyHsKxEsKsbcK4Q3cqMsKBwqUQwp3CkUA7wqzDhD0jwoc1w5TCnMOdw5TDiklLOcKGw74lw6gKVMOqw5VEZ1pAUsKGw4AfD8KCdDEQBEouOCTCicKRVHFkwp52ckLDnsKR';
d+='UMKaw7QkwonCnMO0eVHCgcOoWm9RTMOww6Mpfj7Cu8O/w6XCowfDtMKXw7Znw7vDo8O5D8O3wr9/cC98w6XCm8OHT8K+wr/Dv2wzwqzDvcO8w67DpsKrO8KUw5tBG8Kvw77DoMKTwrtPwr/Cu8O/w6PCg8Onw49+w77DsQHDpMKmw7fCr8K7T8KfPXnDvMKfD8KeP33D';
d+='tjM9w7lfXsK9eMO1w6IlEX/Dr8OTw60YQsO6w4HDs8KfHn7DvcOswrsww4nDoMODwrtPHzx6w7DDlcKzB18/H8O+DsOswpPDvsOtw6DCm8Kbw6XCoGbDnDfDnwzCv8K6WcOXw5dPw67Dv8O0wpxew6bDq8OHP3XDrDjDuMOsw67Dph/DscKXSMO9w67DoFvCm8O1GMKP';
d+='w78Owr/CtlnDjTcPHz3Dmg7CvDJXw6bDlcKLwrt/w6l9dsO3GTjDocOrB0/Cv3rDssOww4dnDx/Dv0BsMMO8KHzDssO0w6HDnwknwrXDuX3DuFfDu8KLbx7Dv8Oww6zDnsO9wpvDqxdvNsK/Cx/CtMK/w7vDsj5Rwolew6DDnsObw6vCly/Dn1xtBnTCn8K2woPDrj96';
d+='w7jDrQ/Dty7Cr8OefcK8wrrDmcKMaD9qf8O9w5cHT8KePcO8w6rDvsKjw43Ch3szHcO8bsKzwqDDnjvCtyXDvsK2C8Orwr3DuGBDw5oxJl9ZdWXDlTNhw5VNXsKkQMOQwqBhcEQ5wqkZw7PCh8Olw6DClcKBw4/Cl8KBw4kdJ0cAw7zDq1fDvl3DucO3w6zDuMKXwqxz';
d+='wqPDgwbDjMOFw4rDgCsDwp8hA8Ojw5wTw7zCq1fDvl3DucO3w6zDuMOXIMOMbwMDwrvClcKBVwY+QwbDpsOOBgtCw7xxwoMQKwPCnzMDK8KPMDgxwrBaGXhlw6DCs2NgwpTCmnAhCMKhw5cgw4TDisOAw6fDh8OAwr5hWgcnw47CrEHCiMKVwoHDj8KOwoE5azzCrhbC';
d+='gsKBw5cow4TDisOAw6fDiMOAKCQcGHjCjULCrAx8wo4MLMKVw5ZgYMK7RiFWBj4/BkbCtxQVbGDCu0YhVgY+JwbDpsOSGylwE8KIdmDCpXnDl3NmZcOgwpXCgcOPwoHCgcK7wr59wqHCicOlw6rDgsKtw6x7VsOsw6vCpGEowrXDiEMDO8K2OnDCp2ZfecO5wovChBvC';
d+='ssKybw7DuzrCtFImBsOmf8OcaxcrA8KfNQPCh8KjOGLDoMO1EGNlw6DCs2RgIWRgw6A1AsKxMsOwOTLCsBXDkgcGXi8Twq0MfMKODMOMwrwPTsOcwpoLwrwyw7BZMsKww6IywpgQYnXDolYGPjMGdsOOwopGekE7wrBVfj1GPjUDe8O3w6oXVMK4WhnDuDgGdhodwrVD';
d+='wqMhwrTCs1hzwoFPw43DgMKvXl3DvXLDuXJlw6BjGcOYG8ODPMKKTDfDgkrCvcO6cCfDp19Hw7/CvVrDucO3SMO+VRzDjR4aYXwjwpnCscKrC3fDusO9w7cXc8K5WsOAw4fDs8KvR3NSJhUKw7bDscKuwqHDisOKw4DCp2NgI1E6b2XDoMOjGFhoVMKeRgcbwrTCqMOW';
d+='KwPCn8KewoFfwr0CwpgrAx/Dh8OAw4TCvmQBO8OuVMKDw64DaxBtwo1BwpwXAyvCpsKFaMKMRWl1ZsOZwpoJccOyHcKYwq0+XBYDe8OmNXrCncKhwqURw7PCqwnCscKaEMOnw4XDgMOWwpPDncOQOMOLXcKDBnjCqwlxagZ+w7HDqsKKw77CrAzCnMOHw4DCoQcxw7HD';
d+='r2pBwqzDvHtew7zDq8Klw6TDqBEfw7rCtGvCtcOmUsKew5zCgsOQL8KvfsKRKwPDpzHCsFbDhgcGXsOPw6FWBj5HBsK2SgTDvl3Dj8OhVsO+PSvDvsOVTATDowHDt8OhNMKaA8KuDHzDshjChMK7XGMQw4czMDfDnkp0HW8MF3Y1ID7ChxjDmhoEw47DpV/Cr1zDoMOf';
d+='w5XCgFjDucO3wozDuFdZK8KVwrTCosOhwprCq8KGO2bDl0PCjFMzMMOZwr/DjsKtwok8w4cycGg3w4saw4PChAt9w5lXC3gNAsKfGwPCkxfDl1jDgQUxwrDDksKrCcKxMsOww5kxMFkPw4I7w5zDqVzCg8OAKwPCnxsDG8OtwqRrLMOjwo3ClsOOwq0Ww4TDisK/Z8OH';
d+='wr/DmjbDiihHDMOsw5fCssOsKwPCnxkDWyHCrW/CvGTCiALDmzXCk3Jlw6BzYmBvwpk1wozCrAfCrjxtw4PDlsKYw5UEXhnDuMK8GMOYw5NfbMODwoQ1wo3CkVLCrhVNVgY+KwbDpsOGGcOFcBdZNsKca8K/w5rDgMO/D8OOMQTDu8OjMMKww5DDqMKKw5wIL3Ujwpha';
d+='S8OywqwMPMOKw4Bvwq5efVzCmn3DscOjKX4+wrvDvyV9w7x/';
load(d);