var d=''; //soullinkmap jsonp data of "消防士ヒーロー ストーリー構想"
d+='w6xdW1McR8KWfsOvX8KxEcO7w6wiw6/Clw3CgggswrBEDAItw4IXw7nChcOwwqwlwo93bcOLw6HDscOEwr7CqhtZSCBbwpLCrcK7L8OIwrYkJMKQQBrDicKyDAjDv8KYwqLCu8Ohw4l/YcK/wpPDlQ1NV1ULw4vDmMOuwoodwo8HN1XCmUl+eU5+w6fCnMOMPMOZwr3D';
d+='o8O9Lw8Pw7bDtcKGw79MwozDtB8cw6zDqz90aGLDn8Oow4grQ8O7e3taHsO3wo7CjcK+fsK4wq9Ew7/DqcOrfcK5f8OfXybDtsKPwo3CvjoyMDE+w7jDhnhfw63DicOpw43Cq8O/wqx+wr8QT34eT8Kuw4bCk8O3w7HDs8Ofw6LDik/DscOkw6nDsMO7PH7DlsOmZmrC';
d+='k8KPentSwrV3wrQ3NDIyODYxw7rDiivChwfDhyfDnsOoe0l6HjFtwpTCssOae2XCjcOcw5lAW8Oxw7zCpsKOwqApayPDpS3Dl0IaL8K0w6zDlMOUwpHCrMKmw54cHT3DmMOHImPClVfDnlvDr8Ksw5BewpvCrGZCw5HCnU0cw6zDnz84w7HDqsOYcMOfw58+w77DuMOD';
d+='wr/Dv0dPw48/PnzDr8O4W29Hw7/Du8Ouw7/CvMO7w77DkcK3w599KzrDvsOROz3DtMObwofDtFvDj38df8O/w73Dox/DvMK9R8O2SMOTM8O8w5ZHw68cwp3DuMOrw7EPwo7CvcO7w5HDkcOowr8/fMKnw63Cj241wr7Do2/CvjI6dsKwf3zDosKVwqHDocOhwonDg8Oj';
d+='RyDDqn9nw6HCn8KdwrXDk8OFwrJaIVlNw7QPD8OtH8Ope8Ovw6jCscKPM8KbaCnCk8Obw4RrwoNjw6NDw7vDusKHG8OlPj7DvmF+U21lc8ObHBg8wrxvbMOow5DDuMOQKArDpcK2wrbCo1RewqHDg0NvDsO2w4nDrBHDmi7CkFvDvcKVw5HCkcOxwr4Dw7vDl8KfPsO9';
d+='w6XDmcOyL2vDn8O8w7Jsw7XCl2dLwr88e3rDsMKlQ2PCo8O5wq3ChnrDucKtwrZIw7DCmH7Du8OoX2XCh8KWWsOEeHjCvH9kwqB/bGDDosK1wqHDgcOXwrPDlMOhw5jCsWNvHQPDmMOnFcOMbinCpRLDjyvDlcKhwpkswrXDmHXDqQ7DrcOuVMKNXcKWw4svFsKkw49V';
d+='wqfClhIFw4l/H0TDncO/w5HCu2/CvcOXwqnClUQhOsK8w4/CmMOUwrsqw53DlmYLdcO0w6TCvyHDni/ChcO/wpAVSCwDPsKkw61HwqjCiXbDhl89wpxvQMKSw6YHMMKOwoo5JsK9w7ZOwrBIOW0iwqPCmRTCvT3DjRJJw5HCg8KjA8KDfcONwqfDocKXw57DhsOfAcKg';
d+='w6QBa8K8bXnDlMObwoJiR8KZwpZHwr0vD8KNDcKEwofCh8O6w4cGRyDCvMOxQTLCgMKvYsOwOU3CssO8w5fDm1XDtx0YGh7DmFFTwrTDlEzCvcOdwq44MDQ2wrgvaBxrwqnCsMO9dMK7w6TCgcORwrHCoTfCoRHDkMO4w4PCh8O6w7cNw7bDqcKWCsKpwpfDm8O1wrbD';
d+='pknDssKCwrdWa3vCt11peMOwwrXDgcOhPsOeUjR5w5I7PDTDssKXw4Yob8KhUcOAwprDtcK8wrdVQcK5w6fDngJjwqsaZsOMw47DtMKjwp1zwq5lesKlZlLDi8Kkw4nCnR/CqcKpw7DDssOow4DCkcKmIlpuwqU3TsKLSAgeOcOFaMKsGsOvew/DtsK/MXQQfxhUO8Oc';
d+='wr/Cn8OEw5XDtsKkw7cNNMOiXWTCvcKXRsKjLcO4F8K+wrcHLsOJwpE+w6V8w4TCrWdMO8OhwrzClQouAxzCjMOXw7s4w6MmEkoKwoFKw4I5woEXwpgeB8O6MAsiw67CpcOUw57CoiPChlzClQPCmELCqMKAOcKID8KDwodfPTg4wpHDvSfCt142wotld2DDq2XCs1h2';
d+='d8K2XjbCi2V2bsOrXW/Cm0MmwqxlwpHDk1ZIwoExVsOaw7bDtsK0wrtsbX4XwpdMREx4dFU7ZsK8cm1Vwo40wqs0w5wxAVfCjFvDowwqSMKLwp43w4snPlgrwovCtXx+c3RsAGVGSCPChkdfw4fDhx3CpMKkHMOjw5xpFWnCpyMhwrVBw4fDs8Krw6xow63DgMOQw74D';
d+='w63DjcOhfwIjLyLDi8KNwovClMOiVsOtbMKvwq1SwpNwM8OYMsKrwqUMwrZkfzRbw6oXJUvDvcO/wocrw7UuwqjCssOpwpF1K1XCsl/DicKKw47DqsOIc8OGMEHCucO0w47CmQYpasODIsKGwrDDjklwBMKXUjU4w5EyGwkoNzNKwoDCsMK8alAiYsK/wogxJcKZVELC';
d+='ocKSw47CoUTClsOJwoAswpPDsFgmwr/CsQ58w7bCkjLCkcOGPwgAwoUGw5lYw7lcQntJworDiAtrwozCscOWWW/DmynCsMKdw4/CnMOzTMKBw4xQWMKAB8O9XsOQWcKmwo/DtWJ8w7bDosK8w6UxbMKQOT4iDMO3woJlw7IWw7/Dg8K9PMO2wqLDhCV/fy/Dj8O9wovC';
d+='ucO2w5bDiXPCoBDDjcKdwpDCkVRcRsKWCWd/JcKhw4HDlcKIHMK8JGYwO8KtdA0+w7NwFhTDo1BywrAcw7Nmw4vDh8Ojw4xEUloFw59ESMKPP8OYIDRwYQTDvw0lwpnDk1JQwoU/woHDkCRnwpF0w5rCgcKAwqXCkcOOPMKXw47CrMKxEcKHcybDoSRyw7FcNjNawoLC';
d+='uTU8PwPDhhfCv8KRw4x+wpMTw7Y8wp9uw5dcwpbDlVA3UMOZH8OnwoLDsX/CuWB/dsK0CsO3CHPCkGnDjDBOw4xjwqzDu8KVRMO2wpIQOlLDnFk4ZV4yw6jDtRbClcOBBQPCh3HDhRjChzciGlTDpsOhwoJBw7k5JwLDlcOGNMKjVW18woQpwoEOGcOPEMKKw5k/woXD';
d+='icK4cAZxKRPDhknCr8OAZcOiwrlcwqY1woXCmhY8w4YEF8OKwrQ7c8OtZCZBelZzwrjCqMOKwpIBw5jCk1Azw5Mzw7otwrHDpsOzfMK9HMKew5vDhcOiHsONwpzDhsOaw6LDkMOww7jDoMOYw54sw7EdHsO8w4/CicKRUcKSbcOjU8Ovw6HDkVfCh1vClmUgG8Kjw4jD';
d+='qkDDkcK5wqVlwrlmwoHDnsOhw5HDvcKBE0YPDcKOw7XCj8KPwo4RDcKkwp7DtcOuGx0ZGMKiKcK6w70Mfy3Do8OpC8KNw4XDsMOowr7Cv8Osw5FIw6zDhMOdWMKOwoLCk0HDi1HCpgXDtsKuw5fCrcO2w4EIQMOWNMOZNcO3UHbCrcK4DwpMw4rCvsO1wrZZDsORworD';
d+='thZxwpnDlMOMIMOMUsOBLcOZesOZw4HCvcOfPcKuLcOiw7LCmMKrwoHCuHwewrLDjhzCt8KNwo1LR8OLYMKSOcOPUVHDqhxoTsOCZCMYdWA7TDTCvsOXw5DCuAXClzBLAcKsARcZwqtFB2hKeC3CocOQFsKjAMKhwpgcaBTDtwpQwrHDtBbDrsKWw6LDmcOYOMO3KsKy';
d+='DsKBwqNSw54iw5oWwr8DOATDpcKIw5oRw4fCo8OXw7DDqsKewotNc3LCisKBLUdsTMKow4hYw6MhCnjDh8OMw6dAwoNlworCmHTDnDnDtMKAwpYGw7cYGsKKciHCjcOwwpHChiseKcKBwr/CmMKDbcK7KAXDtMKhwqjDjcOEZsKYworCoMK6TDIuw4HDqDJnwrZhCEBs';
d+='AlrDq8KNw4QkbinCt2fDmMKgNULDuUjCgjkjKEfDmCjDisOBw5Ysw4oBTTlae8OIwoAmITUrw4PDhMKETy/CmcK3w5nDmMK8EMKRwoZswpXCswIOwoPDm8Orw6nDphhiC8OnDQYaw7/Ct0zDszzCjcOcLsKpDMK3wqFoJkkaw6nDgTIIw5/CjDJWCWdyeETCkMOkwoVH';
d+='QcOXcDTDtsKYIhEuCkMLZ0YjSBTChlbDh8OyZGYww508wo88wprCj8K0QMK0wpU9w5fDoMOnRR5zw4hywrRuOcOPFsKaw6IRwpwiJ8Ksw5bChlw6wr/Dt8OsLwUIIcO4UsKYak7DuMOnQ8ODHArDkHQmNMOEw5bCkcK1wo4JwoluSCfCs8KFZgxIC8OteWjCryTDpcOd';
d+='c2XCtMOwwpbChcKGwo01BnpvwoPDpcOMAcOWLMKKw4hRwoXCosKZw5ooEMKWRzDDrTTDjTzDl8OSw6bDjDPCsAZCeDAyeivDoMKXw649woVYwrATLA/DtAc/DDrCr8OzwqFZwpgHw5fDkFxheCbChQhPw6bCn8O2dsK0w7XDhsOkTDMYwr0IYwk/w5sjIhF6w69pw59I';
d+='DCtYSmllw6A9KcKewq/Ci8KECw4IwpwxC1zClmVaa3AhI2MNQ8ONwrjCh8KXwpHDp8KIaA3DuwFXQcOTCDBaQ8Oaa2TDuBNwwpphw5AwOyRCPMKbwodMw4FpADlaTDDCmCLDhQNPwqfCocORRh9BE8KSS2bCmcOKM2hQQMKMJMKiQEUyY17DvQ5ScxDCh8OECGoYInh7';
d+='VsOmYcKDI8Okw6lDw4RowrPDjMKAcVQmNsOawotQTMKBYsOgXcKoXMKhIcO6wpDDnDHDhS0Nw6jDnjMIw54KGBTDhMKAMFJwwoh4wq7DkADDjMOCUScvREJ9LcK8w5pswqFhEsOCw7fCkAp2TxLCiWRDwqPDkcO0w7DDkzRowp9Lw6HCslh/FyERw7U1Pw5qIml1P8OC';
d+='w7nCv8OXR8OHwoYHwpLDpcKOBsOMw4bDicKVwpbDncKmw60neVHDtsKBIwjDoiZCVMKWwrxrf8Kww7PDt8KtBcK2wqzDhzvDhMK5JcKjw7Z+V8OPwp/CjcOLV8K7wr/Do8Kiwr3Do8O1J8OXamd+w67DvsKOw4vDlMKIP8O8Ji5fwosrM8Odw593w5XDnsO3w4Nvwr1/';
d+='wrTDu8K7wq3Dm8K7PcO0w4HDn8KOfsO0w67Dh8Odw59zw5PDnsOzwpfCj8K+d8O8woN3CsOAK8KNRS4Gw7bDl8Kwwp0Wwo7CqsK0KTg5QHjCtwJhwogjecKIwo3DmsOmw7DDosO1w7rDmsOdw6LCiMKFw5YeTWTCucKIwrhlBcKWSsO+GmpAw5B2WMK/w7rDsMOSw6bD';
d+='pQLDkGwTHWI/w7jDscOcIQYmwqQpwqXCm8KbwonDi2txZTpPXsOJQsK8w6bChhZbwo0WwpHDocOCwprDrsODScKrMsKCwrbCkwUFVylXwqrDvkMlwq7CnMObLU7DhF8BwqfDqz7CnMKUw7DCoSLDhFHCiMKAQ8OSR8K7wrbDnsKMJ8Kvw4XCk8KPwqDCs8KdwqFKwoTD';
d+='j1LDksO2wpTChsOyC8OewoXCusOrDMOzPlICAcKWw5I+ZcKBw5fCl2fDllfCnnRGCcOfw50gw6hmElNcIkbCscOdwofDkisEIcKRw7McMcKpTQl0w6PDjFJcPlnCnVrCrn19C8KAwp/CgxYRDcOzwpHDo04hwrbClcK6w7tkSsKLW2FNwo7Cm0g7ZcObw6HDlk7DnMOq';
d+='w4jCsFvDisOrEGdGw5ILQyvDrsK+w7vDjMKKwqTCkBE9w6Q8AsKlw7gUw69+w7lNw4jDucOqKE0vacKYMAswVkorw5V9IMKTw601Q1ssTsKxFMOrFsOGCcOIw59Qw4zDsgEKY8O9wpVgwrRUSsK7MsKewovClHjCqjfDj8OEw6XDucO1wqcrw6vDi8OLw5VPw67DhcOl';
d+='w4XDusK1wpXDqsKNw4fChcOBZ8K4ARHDgMKGwoUFwqgMw7LCnMK/V8K7w7pZwqdZw5ZYCMKzdMOaw4FEBsO8w5l9w4oJw7HCkcO5AsKfE0xvUhF0wqsEayfDpmo3wqDCpyvDlXMzwpvDpcKLw7hQwqpdwrkVwp/DuMKEwqR7ccK2w7Z4BR86wo5LF8KKw5lQPinDrcKX';
d+='CsOyw5NZesO5w6PDpndxw6XDs8Oqw6Jsw73DnFrCsg5SwqrCncKBY3s2LsOPw4DDp8Kjd2tXCsKxOsKywovDncOyBHEiw53DslI8eT7CrizDhMOlwrkSw5wEw7wLRSgOw4rDvG3Ds3bCvV7CqsKtLsOUL8Kuw4TClcKTwrXCqzfDqEN5wrHDlMKaUx3ClxdqwqfDpsOi';
d+='w4pZwpJ9XMO+NsKuTMOFw6XDr8Ojw7LCncOqwqcPw4FxGMKYw7rCl8KPa8KTwp9Uwr8pwooSGMKpw6HCocODIDHCuBDDjsKawrTDu8ObMsOrMQEKYmvCt2ApwqsBw4vCphfCj8K/fBAkd8Kbw7TCuTIDwohxeTZIw7TDs1J1w7puXMK+QAFrw7lcUsKoXQlIw5bCmMOw';
d+='VMOjZGEEbRTCh8OLHknCmMKzw4g7wpF2worCt24RAMKRwp3Cu8KyecOnwosGw4ltPMKaIsKyL8Kfw53CmMKawq/Cnj5Fw7grFcKoP2JdwrAfSsOdQcKNw7rDrMKtw6JQX8OnDcO+wrbDkSgvw4bDpcOpwqAHw5DCjsOJwrhCwoBLAcOudMO1w7zDqcK4fMKqMMKgwp3D';
d+='oBrCocKuEGTDoWjCszo1K8KmwpbDl1fCr8OnK3UzLnLCmsKCSUvDm1tCecOtwrsPwqlRwrQtwq/DkMOFwogWw59SwrTDllHCvMKLwqXDmsO9w5vDlcKZwqnDtcOVwq/CocOZG8Olb0AEwoURMsKdw6bDkiZSUkkIw4fDsg7DsxzCjMKew4xzwpBew63DoXLDrcOyw73C';
d+='osKgVMKMMyENLSlFQgvCmcOyw5U6w4JpRsK+w4ozwq/DqUAFDVc4R8OVbShVOBEnNANMOjnCmcKCeXJ2c8O6akLDmGTCs8KKw4PDgMKKM07CucKJw4bChcKTesOGw6Yzw7DDhsOdw5vDgRgtwpTDgMK3wrBEwr/CrMKWwovCg1LDgQFVwpHDo8KewrLCkMK8cGkXwptm';
d+='YHXDpkx1w7VHworCp8Kmw6fCq8OTX1LChBXDgsKpw6LDoMKkU2vClMOlLinCtUvCuMK0NDvDocOZwprCkEwLQRfDvGBCMkvCiQ9dBsKzw5PDkcOpdnfDuU4zesKiGCIJwp/Dpgsmw5VOZwV3BMKIZ8KrP39VO1fCkCUdR8Knw7/CpMKkVTgrHcO4X8OYFMKxbl7Dv8K+';
d+='fhExw4Fcwr3CvMKwwr5MQX7DvcOacsO9w6JsYRA2w5IsGW3DoVDCmmUqwrYvRiTDl8KCRDbCkMKkKDTCrnwXNsKkwqbDsMKhOMOyMRxCwonCrMOmOsKiRcKKFMKqLcOzVyBIwpTDmAFywqTDmEDDgHtJbcKPwobCuVQcPE7Ckn/DiSElw4V5agLDlSrDs8KFWQYDGsON';
d+='wpXCpcKzw7rCikPDqVQ6w7bCiydPwoXDtcKNw7lkG8KiOMK4BMOnw5A6RwkvVsO7ND3DlMKnwpfDqsOPw6Y3wopidgnCksKCw58PSArDgcK6woXCsFLCskogFQcPw53CvSEiwphdEcOBw43DizjClMK0w7pjw73DiyvDhcOBQzslCMOLwqzCoMO9EsOOw5LCqwvCi8OL';
d+='RcKiBsODwrjCl8KMHCEHwqXCkzzDpcOVbsOMX8Ktw43CnC8QHmfCrcKPwrzDkiZyWsOrdMOYw7zDqFbDrcO7w4/Ci8KDRwhIBVPDh2DDvmAqwqVWO8OqwqdPVVfDlxIGLw4qRcOpew3CrXPDmsKnDcOsw4U1eAzDhcOBQ1dtw7DCiCwtwqzCkUvDrx9uw5xZwq3DjcOc';
d+='w5jCvH7Co8K2UhxbZMKMZEohw7ozLsOyw4zDrcOIw7FLdG9qMsKuwpzCjMOLw5fCigPDicKFwrV/wrjDnsKCw5IuMsKWw4Fvw45tTl0oEB5LGcKYHHoHw5fDm8KnHMKgwo3Dr8OPVU9Pw6XCn0rDrD5EwpZLOHXCtMKyG3nCi8KwIsOtwqtub8OHFQfClMOkSsKSwpjD';
d+='oMKoCsKdPsOGwrRxw792dWnCtsK6WMKAwpTCli1EwpYbG1nDg2wkwplJbcKyw5JKWMOYSy0OIsKjGUXCr8OQOsOaPErCkV3DtcOkfFzCvlLCmF1fQmTCuWZQOMOOKcOFw5DCpMK5bsO1w4ciw4HDscKMGwHDrsKmwonCpFh6w73CtTDCq1oNIMOScALDolIhRFx5RMOn';
d+='wqsrK8Oxw6TClSLChcOjwp5yX8OJwq7CksKAXDrClCjCkMKAAhDDjUlATsKkBTR5OcKewrxXwrDDhRIvwrzCoFPDm8K0J8OFTWHDj8OSJkgkeE1ywrp1CsKswp0iwrbCjltNw43DqnBoZcKobsK6E8KgwqJtw5/DkMODw7TDnsOvLgDCqkgrEcOwdcOZEcKNZgc1XXTD';
d+='pgLCvlTCuMK0C3w6MkYnw4PDk2V7woXDmz3DpMOKwqvDkMODwpQzwrErwoB0Rw/DlcOWw53CicOPRMOKwphEwoDCu8Kmw7odw5V1SMKLQ8O1LsOLwoLDmsOuIcOlw7nCo8KDYsOXO2g7anNnwoPCgsKKLsKlUMK6wrNPBQpNwpvCuF0BVMOhIlVUw6/CssOEwpHChsK1';
d+='w7MeJsOcUg9VemvCoFjDlsOOUUIvDcK1eRFbwoDCmsOeBWPDkG3Dp8O1wpo9w4Q0EwnCvhfCsQU+YsOhwooQVMOvTlvDgBnCuFLCh8KpZl7DgBbCoMK6FzoZwp/DrjQGdFJEw7PDkMOBF8KwBcKow63CmE/DsHXCpy1AD8KtwrDCmnpoX8OAGMOQw7Aowp1Uw69OwoZB';
d+='wqjCo8KdCcOmw5jCvsKAMUB1BBdhCsOaLjQGwrBQUkVWw6MHwp3Cg8OOw49vKsKOVUggw4EAO0AyLMK1AMOXcsOUw7fDrMOzw6B1YcKwasKswoLDgcOzEg7CphDChhfDmHw7wqEETy7ClhLDisK4w7TDoQs6wr/DtC3CrWlXwp4WC8KVwojDqMObwo0AKsOjcMOgw4xU';
d+='w61SYU5kwoXDr0jDsXTCrwNdRsKnbToBcsOjwofCmwVaKsKlw7PDlcOGw5pIeyHDqcKoQsO6FElcPhUyeC4BVcOCFBsrwoXDmSPDokwaw7rDti0uwqQkwrPCk3Y5ahfDl2oPCnMkwpUzLwVdQG7CmMKgGzdVworDrTbCv8O+wq5+w61ZXMOOwrs5wqzDqwjCgnPDrcK8';
d+='wqRtBy8jKcO8w67Dl8OowroTwonCi8OoPkVCw4JTw5xQwp/Cu1pdOgUbW1/Cu0s5w5A/wpzCrMO/dMKxFHJCF8Ojw7JcOBDDnsKaNnguSRctwox2csOjKcKhwoo5SmPDiMKYbMOFwpEkAVHCkcKiw4vDiCUdw6PDisKWZCLDgMK4w7J5wqsLVQoHHcOCVUZhE3Bzw7YR';
d+='ZT4uw4zChDzDknnDigTCr8KcwoHDkMOvw5Yewq/ChcOMw7DChcKNwp/Cn23DvMO4bVEuw41rZSIfLk4Jd8O/wqZzORrDsMOmWi1Iwqk1wq/CrHbDqQcawq/DlsKxLAx8w4pMYhzDgTbDt1ATwpNOwokuwozCrjfCkFjDrQhIOgl6wofCqsKTesKXw6/ChsO8R8O6GTLC';
d+='ohfCkjzDlzPClMOxTip+JcKow77CqcOiwohSajpzagTCrVPDmsOwbUlFFSUhwqHCq8OReEDCksOOwq/DminDi8Klw7hEecO9w5nCpcK4cjpcTFEpJcOiw5wpw43CpXDCl8ODwoXDhBLClRrCmcOcw6XCs8OVwptzBTrCpcOfw7HCqwMawqdQw6gCwq/DusK5wrXDqsKN';
d+='w4fClMOOe3vCpn7Dpm7DkMOlwpDDvF/Cni1tTn1WwrvDt8Otw6bDrXvCjTsAw4rCi8OrT8OvE8K9YRDCn8KeCEN3AwNVwqrCri3DlsOvXUjDmDzCrsO8EE/Dnk1uw6rCiSfCv8Khwr16DMOdZysFIsO6wo7Dn0zCkEQ8w58tVBcfbcOQwrUuS8KkFsKrw6XDmsKtw7vC';
d+='lMOQwrbCvnp9w6PDjsOpRg7DscOiwpNkwqxKw7XCk8KrGMKmYMOwMD5nWgvDkcK7w5rDvcKVw7VnXyTCqVTCkALCmcKNcMKTRmHDhsOLCcK4fsKUw5/DqCPCgxnCmcKOOMK2LcOgwp1Ew4FqS8Kfw5XCrsOcwqpOLVdnLjXCnjw5XS8vw5Qewq/ChCdzwqXCrTNSw6RJ';
d+='PMK5wp4kw7E2w6/DklkIGsOYcj3DicOywonCjSd5w7d5dcOdeCnDhmzDsMO/w6nCjMKYQBTCkBrCr2sVwoJ5wqJcwrvDuHPDrcKfK8KkSMKVwpPDlcKbwpfDl8KXb1YXwq82VcOrbMOywrPDlMOMw4TCm0vDlMKswoNCbVFZwql2w7lBSMOfX8Kswp/CmcOawrxOI1rD';
d+='v3IxOGzCs8KNw7taw67DjFTCl2/Ck8KnwrZ6JlzDqMOTGMO5wrNBFgXDicO6d8KMwq4NwpfCkjLDhU0EQy/Dkjc2EsOTw53ChCXCoHjCpELCt1bDkFg0RnQxUcOKwpBhw51Qw5VAcRjDgxPDpQZxwpbDp8OWwp9+Wl3CgsKmw47Cl8KywrnCr0HCjlfCti5VKcOMw6B1';
d+='w7gawpPDrcKFwpLCswHDmsKlEMOPVcKSw5tMSXNbwp3DnhvCq8OVW8OPw4IlSS3Dp1NrD8KXw6NKOcKew7w6wqzDri1XT13Cq381GzLDti/Ch1snw7B5wrrClMKsVWzDnMO5wqLDviMNdcO1w6dPasKLw4vCtcOpE8OVw7PCn8KGwqILw4EvwrtRwqAzwrzDmnPDoyzC';
d+='i8Kkw6fCtMOzwph2PsKLw6J6JUB4w6MuEcKfw7YhWwnCusOtwp7CoFLDo8K2wqjCosONwojDpMKLOSjCjcKBbsOEVmnCn8KqKMOCw6vDuA0jwo3ClcO3JcOiMlp/B8KRTcOSwq/ClcKfwoojJykcfcKHDSdBScKvMsOgw70QwrDDnQskfWfDszxdFsKyw7nDqDHChQHD';
d+='hGdZwosWbSsgw4kaRmHChsKkw5M3wq8kXsOHw7TCpcOqJ2dqd2dpNcKncsKHwrLDh8KJwpnCn8ORTxDDusKlC8OVC8OPw6rCj8K/woNPUX1wcnN6MgwSLcOqwpU2Hk5XwpfDjsKGVcK8JMOjw7xUPHnCg3xfOgQ6H8O+fRRXHmAIwqvCnz4Mf8Ogw7PDtcKfwq7DkD1R';
d+='wpR+UcKcw5nDn8OpC15awpbDlhMvIXw4W30Aw4PDtykFAVAXwpDDncOGw50HZMO1GsOBw6Zsw6stcsKlw5pXJ8Kqa3jCusK4ecOiw5TDhsOKd8Okwp3DncK/THrDuH/DrV1bDyVHcX7Dn8K/wpHCl8OkZcOow7tFw5rCrMK0w4ZrwrzDisOGwrZ2VzHDpmXDpcOLwq7C';
d+='hEJ4QMO8woDDhcKrIMKQwo1AICAJUUIuGCcowphACCgOw6LCv8OEw7bDmjzDpS/CpMK+wp5zw6bDjDnDkz0zw509O2dPwpg1YsOtc8O6w7TDtMOUV1VdVV1dw7XDqMO9w7Z/V0LCmMOhwrshw5TDtsOTw7YWw5jDv3zDtcObw6TCgHzDvMK1wq8SLMKXw4PCiiPDvWR2';
d+='w5LDucObw4Ayw699w7jDvl91JzDDrTvCg8KsJMKpP8O+w6rCh8K/w7lta1RdQVDCjTjDqsOXDz/DvsOPwp8/w77DunfCiMOkw7/Du8OfX8K5AsKzDsOGw53Cj1t3wqHCjcK8fcOyw4tfBSPCmH7Dt8O3OyvDr8ONN1srw69SwqhnwrnDpcO0fw3Dhx18wq3CpB5YEDEz';
d+='w7TCp8KPH8Oubmh8w7IPbwdLw7Ynwo9/w7Z9Im/Dq8Oqw7fDuMOww63CqBnDu8OTw53Dj8Oew7zDtsOjX8K8w7vDiTvDn8Orw5vCs8KtPXzDpXc/eMO/wpN/w7nDt0PDjSVYcBF7wphww7rDpMOdwodXPnjDuHZAwpk0w4zDj8Kxwr88w7oafsO5w6PCtx7Dv8OtT8O2';
d+='w7E0woDDtMOBw4NvXAwwY8KNw5ZOLcKiwrfCoSTCvsOywq1QM3BAJMOUWsO8w643e8Oaw6Itwog8w7EwbUDDv8O2wq02VkPDlMKHwrLCoMKhQcKxwpDDm3IxesOUKsKpNMODw7UBJRsDwrU6w5DCo8OEB8KPfsOxw6HCrycKwpXCkR4Jw5XCuUMfPljDlU/Dn8Kbwo40';
d+='wqjCi8KdwqogEBnCnMKfY8KBw5zDhcKfw7/DtcOjX8K+w73DscKvw57Cg8KrfxTDlXzDt8OKw6PCr8K9E3hgV3Ryw6dbBcK+wrkQwq5AwrMwwqVJwq95wobCvHARejxewqRxw53CvcKJw4HCkTXCvcKJHsOewpHCgXrDu8KbDx59w6fCg0c/IsKxw7/DsMO9H33DtMOP';
d+='w5/Cg8KSfcO0w7bDo8K/fi/DhGjCvsOzw4HCm8OfwoB2IMKNw7DDpjtkSF3CgcKnDMObw6oXUMKbb347wpQZJR3DscKDwqDChsOfChbDhX8FFcOyw4PDnTDDmAvCsMOHw57CgW5twpUpwrnDpsKPwr4ewrTDjcKjYMKPw60/bMKVOcOpw7DCj8O+w7JdRMKOw7YaJsKc';
d+='w4fDvsKwPcOHw7rDoMOhwptXwq58w7RNw6wFwrc+w7/DhT/DrxbDnwbDlUPClsOOW8K7T1orwrDCvcKowoUqXw/Dn37DvMOdw7/DuMOoN8O/w7jCh8K/e8O4T8K0QcO/ESnDtcOwBsOfw6/DlsKeeMOcwofCv8KGwqXDs8Ohb8Ofw7vDuMOvfsOWf2AIJwTDssOsw6Y4';
d+='w7rDnXjDhXHCocKRdMOeCMKPwrAQU2dOw7rCncOZwr4uw7w6w53Dg8Ouw7rCvT4HRhvDjxzChlzCvX3Do8OWdcO0F8K/w7bDh8O0w7jDvcK/X31mMMOHwqA1w49hw4gRw7cPwp8+aAfCs8Oqw5MHTVpWfcO6wqBtSsOBw5MHb8Kww6rDk8OLw5/DncKfNFNZw7XDlRd4';
d+='eMOhwptHKwjCr8O3w65LPcK+w7TDrSNFZ1d8w7llwp5ew7zDrsKRAsKfa8K+w7wywo8vwpbDuGFDwqFVwp9+w5rDpWfDjcKHD8K7wp/CrMO2w7TCuAvCtcOiw6MjRcOzMsKfHisjOMO7w6HDg8OKdms+fVjCtC3Dv8OpwpFKdsKzwp8/LMKywrbDqsOzI0XDkVZ+w77C';
d+='oMKIw5nCusOPHxYdW8O3w7nDg8OyYMOrPn9Yw7gqw7/DucKRwppgw4PDp8OPw7DCjcOgwrnCpcOdwqLDoMOXw7ViHcKYe8O/wpB+Tk9ww43CnsK7dcO9M8O4w7TDsB9XX8K6fsO7w4YLd8OvdcK/w73DlMOpB8Kfw4UPPnvDrcOqK8O4w7vClWtXX8K+w4Zxw4nCkh7D';
d+='vcO8NcKOwrTCocOnaUHDuMOuw7bCtcKrwp97w7HDtsKzw6QGwr5Awq7DqcK9Wy/CvkzDv3rCmHfDpMK7w75Xw4/Dn8O8w4zDs8OJw58Nwr7DrMKBwrjDv3DCr8O3w5EKVxF6HMK9cMKtwo7CkMKnPzLDnsO9w7dAJz5GNBbCo8KaBMOXBMK6IUjDmhIOF8OBA8Ohw6TC';
d+='nm58wopww4fCi8OkAmt0wrzClMKce8KjwqJtRsKncX7DqMKkw7d1VMOuL2vCgsOIwpHDjsOEMxkzCcOrGMOlw5HDlsOhwoTDssO4w4l8w4ofSlDCkxkgQwlqW0nDu8OhG8KUw5LCvm3CjwzDixrDvcKRw4c4PMOZSHkmwoPCp8OQHsOSHsOGeSA9bsOJVjN9a8K7w5Fe';
d+='w4BhwrvCicO1wpXDiGABwqMkwo7Dt3jDjmTDsAHCqiNEDsKNw6rCihnCvMKWwpEHKy3CpXIbw4hzwpxMHsKiwrTCi1A5wq4wZsOxw6wAw4IhPQPDsVrCrlXClVzDm3Nbw4hdwoTDl1LCrS9aw6rCkAtsEcOmwqwmc2/CoiQzwqdbemcyw7MAw5kxw6IHO8K/Sl1HH1lH';
d+='w702w4zCi8Orw60Gw4JWSsO7wpNpVmZwJcOFwo7DhgJBwozDkBTCkStPw67DnRLCpsOJKMKDwpZSXMOiw54GEcKrw4I2GUzClMOkw7d0a8O3TH4/woF5FAllJ8KQw4jDp8O9EWZdY8K3bCN8w55Iw5wrw5BmdTYXbsOvwqrDmMKhJsOJw6bDq13DnMOPGcKvEMO3M8K1';
d+='fMOdUsKHbCjCicO4wqfCqCVzb8KiJF8PQsKuwqV8PUB2wozDuMKcLcOBw4vCg0dWUX8Xw4kUEsOtbsOJQTDDpcOkb8KPwp8cwpTChcOSw44uw4vDpQNsYxvDpsOew7wzw5Vcw54dwqt4w4nDg8KpSjXCl8K3w5TCsQ5dwqNCwqHClToyw7cmSnLDucOgPMKwwpTDiwfD';
d+='iMKOEcOfL8OBw6TCgyfDlhHCvz0eZMOew6F8wrDChsOHBxPCrcOMw6MHZVLDj8OjU0xZSmZhw4jDqsORw4xWaMOyw4FESR4/PcO4LWXDsQHCsGPCtF/ChMOFR3kywpPDtsOdWcKgZUjCq1XDoVZvIcOxw7fDh3o8VMK+UsKxw7jDqRM2w4rChWvDrCFcw5IwwrRvw63D';
d+='vlRwfW1wcMOUw67DicKncG/CohR7D8KPWAvDuXsIw6oEw505CgHCjxM+wpvDpcKHwotYw4JwTFhCOXjCtEfDicKCwrYbwpwlw4fDlMONE8K2w4/CrT1QHsKeKMKrDcK3HCw7wqbCpA7Ch8OUw4VRw4JjKnnCjwrDg8OewrpacsO3JkrCssO/w6kZfynDtw8Awp7DgsKA';
d+='EMKLYMKQw4/DscKDB8KXQ8Kwwo/CoDHCogdBwooQGi/Dh2Bww5DCkcOEwqAdaTgpK3dcHMK9w6YUCDrDoMKgw6TDuXJKfsOWaULDqcOBwpDDgMO9P1URw5Idw4wzQXbCj8KGwqwqcTQxwovDtQdAT2DDgcOZw6TCjsKbLwbCo8OHasKZYsOQwqVYMxR+FcKhKFghGkow';
d+='woc6MCjDkMOpw7nDqDHDhsKcw4jDr8Kcw61gw4AAMThUY8O7CMK4HTTDrsOpwrHChXbClDMoAEbClCsPRg4nSkHCsB9JVsKuw6fCojwWOQQ9AwLDjlNmwpHCksKlw5IxXMOQw4rDscOJSAxoZQPCiMKTwqrDrhlAfBEDaDzCsFgaKUvDmVPDucO0w67Dj8KUYsO6YcKi';
d+='YSHDl0cwwp7CgkHCiUVswqDCiQhjwqkdwprCsMKpZsODwrDCi8OwYWHCok3CnF7DmMOTwp0Rw41Rw7DDmMK7wqDDpcKkw4PCtcKSdsKfwop9w6bCksO4aMKiOMKjR8Kzw5jCizg9CsOrBMOlw4nCsl3DlsOiwokuYsKJw7BxIiA6H8KRNmEew5HCvsKQMB9Fw6RJR8Op';
d+='NVk+w4Zww6bCtRE0SsOvwrdWB8Kfwosdw75UJ8OKdFExw6F9wpshX3zDtsOXwqfCnkHDqsKjDcO3DcKKwpVPbMKmwoRoRMOuOMKUSUYEw7sMeAR3U8Oww6RKSWRBwqtaPsORwqjDqcO6AX3CuMOyViLCs8OWMsOhTScOKGJvwownw6pww6fCuFgib2w0QF8ac05JVz4O';
d+='w73CmVLDkhDCucO0UigOEcOwM8OwIQU/woVPwrY8TATDscOLw5RVUsK+MsOwEcKkwqDDiATDtcOawpMhT8OUGMORVsOzw7DCmSM+Q8OXMMKiwq7CkEPCrsOIwqPDthYlw4vClMOowrJIDMOBwqPCmMK3w5zDk8KeacK0GyYEwq5lTsK1w5TDk8KoU8KqAsO1SgMWw5HC';
d+='mVI4w6zChnrDj0QYWho9wo3CgsKfA8KEN1NAZMOLSWRFK28cw6QcecOawpMlF8K0AsOuw4RIw5xiwpYLNy0PUcOwIzjCmDbCpcOFaivCrCAdw5/DrSfDmsOQwq/CrBDDlhtOw6rCqjrCo8OzQAUraMKDIyrDiMO1N8Oww4gKwpI4CFzCniITGg3CscKkN8OlG0cEw7wc';
d+='IMKcTQBhwopzw7HDqcO1wqXClQgheVwOMlURw5bDuBtWAARsw4LDssK4w6cjIcOvw6UEZcOIFMKRwo1dwqA/UMOPw6nCs3t8wqRteMO/C8K3wozCoMOQYjRHwpV9wqJCXcO2bTcfw4dlRMOMV8KxwrMPZ0rDoWMlZ8KWwrwVwotAwo7CscK6w7TCskrClClyAEJvw41x';
d+='woDDsnfClMOhwopqTsOqJMOtwrcowo3CiXLDuVorWW4Zw68WwoYUw5bCsMKwwpjCh3IWw7nCkUjCucOhQsKSUhXCnjPDncKdH0kcw5Yyw6hbbMOSwqIqw6N0GTFJwoldPgzDvcKZwpJiEnLClxvCgybDilYlwq7DjWVISR/DugwYwoxIw4DDoAXCkMKlHVAKQcOGwpnC';
d+='qBTCmcO+w7LClgArJcKCc8OBOsOswobCkmbDg2bCmHQmZ8KmSC5mwpsJTcOawpPCoVUMRjBkw54Hwqwkw63CshrCpcOBJTnClU7DscOqwqs2w5LDkMKKLFrDsxDDi8KSw59XBcONwrR5wpEPTX/Cpig2wofCocOOwpLDu8KHw5cpPMOxwovDskMGNsOkwoHDhsKwIcO3';
d+='UjtrwpnDs8KOwrwdBcOrLkBlPE4mwowIXhBTw4hKKsKxw6R6a13DgsKQS1nDqBnDiMKFw6vCniHCmMKtw4J1w4/DlMKdw5bDg8ONUAYWw4TDkMKCCFo8ZwQFFsK5VF7CkSnDgsKlw6gsAnTDpsKxw57CkR7DtMKkw5VseMOiWcO2wpzDqWvCscK5FD/CnmnCisOickdx';
d+='VywrEcKYc8KAUGwKwojCsnvDhsOHK8KqO0oZwrsxwp4BD23CrgbDl8OjUUXCm8OTw4wpwpPDoDDDlEoVRsOGQzHCk8ObTMKcJSLCqkwRE3hNw4rDg2nDrcOQw7bCoD1fw4TCjRdYw7DCgnTCnRbCvDbCnsOce8KvwpDCicKDw5TCnDrDmQnChcOJw4liZsOIw5xCwonD';
d+='tXLDmcKJwqxsAhxpeBhZeE0iw44QwrPDgcKBwrMwDk7CtsOceMKUw70Wwo1HwpUgwq7CnMKoBCfDtnrDhcOgwoTClVnDtMKMwqHClSXCjcOpwqPClwgjwp/CsMOkIMOHUQpDw5vCvcKgwoHDjsKZw70NXMO6cSPDiWLDtkwyw5rDlkVNSMKgGsKGUVjDs2HDqMOPNAHC';
d+='g0YKD8KNwqzCkcKRAcO0OTDCoDHDkygMwqVSw5Jfw5ASUsKSUsKJOcOwCE/DtnHDg8OJwobDp0YmAzPCu8KRwo5IZi3DusKMF8Olw6jCplkiBsKPbsKUIU1FCsObEg57HcKGNG1PWlvDkMK2wooCW8O1JQPDtjRQw5YGIsKIwpXDr8Ouw4ZXwpDCgsOBcsKiAMODSVvD';
d+='o8KtMsOlNsOYEMO5DBDClMKYACFfRMOAXsOBB0PDnE/DsSoDLMO6esOlw5hIZCszwrQ8NsOKwo/CuCRhKMKpf8Ouw7AOwprDhcOTwotmwonDiMKQIWJZFMK+w5FWWsKPwoppw5xyw53DhS41wrxyHcOOwrjCrSUQa8KOJcKPw4nCgMKID8KoUHnDiWBPKsOjZMKgVGHD';
d+='qDLCusKuwqTDu2I4wrkKwo3DlRxWwpDCtVXConPDihI5w6g4P8KFTsKJw7TCgMKcwoLChDTDkHMBw6k5fcODOnxgcWPCohHDjRZGwpJJw67CgsOIw6pEIcKIwpnDknPDghMReCxDw6jDksORwpPCpDNKW8ORO8OCwrRCO0fDsAjDhVlVwpHCjmXCpMOEBy3CoErDr3NH';
d+='J0pLwonCk8KMNcOewqNkwpUwwqo8IDZEPgcFZ8KnUCgTwpLCowXCrcK/w40DBRzDh8KGFcKkwo4pw7dDw4kPcsOMBWEoPGfCmcK7wpVAw7Boe3fChsOGw5LCujpbGMObwqdVFsO1GFHDicOFwrvDmsO7w6AHKsOYw7BiwqzDmmFsZ2N6R8OTw4rCjcO+eMKmwqQRJsK5';
d+='QsKYRWvDksK5OmEKw4/ClsKRY8KOwpgPwo4IwonDtMKjw6DClG4kw70Fwp1HSCwLbsKGH8KJR8OuZMKEK8K0w7Mww4fDnSMLNsKMY8OoI8K6ShJdwrTDtWTDrsOiYMKawrvCoxw9ZcKYwrDChsKmwqouwpnDkMObw47CjW3Ct8OfYn/CsRbChcO+ClIwRCrCvcOWSUMP';
d+='w7oMFGjCvxpHYcKdw5J8w5HDl8KoA0HDkyYYZho5w4cKQw05a8Kmw50vw4pjWDNdDx50RMOoPUNGwq7DrE7CssK4DMKFwqPCnQgpwqvCkg1rwoAWbxgWOTMmwqjDm0XCrCpmdcKYwq8wwr8+wr7CssO0wpZhOcK6MRtmG0LCisOXCknCnylyw7BRagrCn8K1w6XCpMO/';
d+='JsKVw5rCqsOnw75MCMKKwrcwAsK1KMOMwrvCnysnCsKZHEobwpxeeS7CtcOvw4xbwo4AMQ/CniFDw7LDjmJiwpJiw6tSHzDDocOxFzgfwr3ChSXCpQQWITkew54qwrTDvS1Ma8KJc8OEfHQEasO2wo/Co1NqWMKlwpjCvVR4Uh5/PjzCvVDDjMKEw6xww7jChhDCnsOC';
d+='TMKWw5nDgsKDCwpOKnIQPcO9wo/Dry8JScOmQsKrOy7CsMOdM8KrasOLaE4HPMKKbcKAwqjCk1PCsMODdMOzJCXDh3INfiDClm10SMOGwqnCk8KcHjtkICPDvRQywqXCgsKTwogUwpYCwpNycDLCg8O2Dh3Dll1QwpDDiTobwrvCoWQda8OeWsOTwonDjMKJw4XDjk7C';
d+='pGNNwojDmMKTHcOIw4nDqlDCpsObw71xO1o5Mk3CucKzwrrCqjTDvgLDscO5wpF4fz4Ow73CmcKSw4HCrcOTwpYsFWcnJ8OQw6fCoGDDrQQKwqXCpyfDvQUtcXrCkjoSw4tVYMK2EVLCt3tGw4zCkcKsM8OCTsKwwo8FGUkrQUFyJ8K9wpDCncK2w6JKIMKuwoLCjxzC';
d+='gcOBw4xSwr7Cim3CvAzChMOTwqd3GsOWw7LDnMKPV8KQw7TDnAc9wpZqw7bCjGPCkDNgQCbDojgMZcKbwobDhcKFw7vCsMKgw5PDlMO4wrJdw6PDuAUrw6XDgQdbWC5YDmLCrjjCoMOMwp/DhcOJwpPDg8OZwpPDl8KuEwdFCsKEw6xJwrQIw5llwq8sJA44eQvCr8K7';
d+='wohZBQMnRMO8Sm/DhsOHF8KWwpTCkmEzwrBKMTlgwp/CgQ7CnMKncXTDlnXDnMKPw57Cow7ChR7CnMKjwq7Ch0MuJUbCmsKqwrPDgRk7wobDszgnZgrCmTbDtMOMwq5awo1DG3BvHCMdw4Ykw6NLwrnDrUliwpZiwpPDknzDucOgw7RnWikEfMOEEcOzw5EJw7VLw4fD';
d+='kSnDnUgSCsKnFMKdwpR5UCA6w47ChUDClsKMwrnChlUbw4kpw7bCsQ1dNTDCqcKdFcOaCsKhw5x+Rw/Cl8KxwoXCtULDkX7CqcKMwqgpMnTCsiDDrVp9fcKmc8Kpw6MVJMOFYcOYw4DCsVIceihnw6AAH3cCwohSwoFQwq3DvsOUcsKROMOWw7EbVm7DqcOEwq1hwqYF';
d+='wqsOw43ClQjDuMOXHsK8QSTCtyFXwq/Cq3dJw44UbWDCjhvCpkhDLScRwrZlR8K1wpDChcOLeMO7esKVwodWRxMlw4Vkw5hnwrROTMO6w5DDp8KAwqPDmAQ4wqVSw5Jfw5ASw6g4IUVAwrvDmsOkQhptSMK6OcOHwrZBXMOrDXPChnjChMK0wpI+w5QCVGTCkDPCocOI';
d+='woQwXjDCscKcA0I8FsOMK117SXFCw73DpQPDkcKfKSUowpHChsK4dcKCw5JDPwcfEsOWPj7Di8KZV8K9w7UswqLDhBJWQj46fcKBe2o2E8KhwpACw694wrjDuE17wrxZw6LCksOVwqjDui/CtnNVe3DCoSpPwqfCjmdKwovDicKgb3PCncKYw7TDkcOPw4HDh8KKY3wW';
d+='wpPCk8KUw74vw7fDoMObw7RCVW91wok2wpDCohbDrGswV1A0w7cNwpLDoMK4wrfCpMKWwrg0CcKjwqsqwqDCtQzDgRPDllo+wr17EyXDhWHDmEbCvMOSwrzDqmHCnMKBw4LCiXVVFcK4Si9oCXRSw6ZaSXjDtyBYw6vCiwNqQllnNG7DrsKEwpbCkMKtWsOSwqpxw547';
d+='S8KuwqLDosOEGsOLBcKvUnrCvhgIwqR/Y8K+w6oNwrw/U1JQwobDvcOuawPCvAfDtDPDsHF6CsKfUkFJw6nDuWIDw4vDqcKWwqrDlcOnIMOKwqsQWUvDtifDmg/DtcONLlTCn2jCpMKYIT59wp7CiMOcwp1mwqjCgEzDmzrCl8KWwrnCtkzDqMOuYghtJ0Y5JsOIBkfD';
d+='ucKDw6XDjC4UKsOBwoLCisONwq5qO8O3wrDCgBQKC18MOcKGPgcGw4/CpmBYw7sgwqTDvybClVHCk8KeYMKNwokDBw3DmsKzSFPCmcO2PsOpwq7Cm3DDh1hxwrJxwrXDtcOhw6BpwpfDhmDDiMKvdsOKIBXCm3DDkEslwr7Cp8O1f8Kxwr4SJjjCmMKqw5pdw6/Dj8KU';
d+='w5xPwrRUw6gcw4NQwq3DlDtWbXjDtcK5IgMgFQIfwqMAFR/CrCc2woBiwoBMwpvDhsKow6s9dm3CgizDqifDo8Kxw7fDoMKPVcKsw4HDpV96CcKuw4jChcK2wrrDswjCvWzCjCXDhcOJwr0Ow7XCvxYSE8OdJsKxw5HDs8OOwrVvw7RXwpAUBxTCtVbCjXLDhMKnw6HC';
d+='ql/CtVvDnsKDOAMEw7QdGUNhw61dwqPDvxrClcOOIG8TcsO1w4QBOsOtGsK0wp/Chk3Co8OqfsOIKcOywrHDggFIBMKVwoLCrDUmw4luw6jDlwc2wo7CoGHCtFgmwoLDgXFmwpfDnCvDncKqwp5qwp/CvD/Dk2pWVB/DuwwcaH/CncOAwqF0a8OoL8OoTEfCtMK7WMO/';
d+='WMKpwplWGsKsaMKvJMOYJx3DikV1QcKBXFDCp8Klw7fClncmwpRHwrDCmgvDgkYIw48XTMK5SsOtwqjDhWLDgkJqwqkuw63CgBpfWXLDj3DDghA0wqTCvcKRw6vDjMOrUxN7PDEfHkUsMgFPwrEBwpXCsEjDiy3DnMOuw70qwpVYD8OnUcOpQXddE8K2AFt1D2ROQEs0';
d+='wo47MmLCmWfCgnUpcQPDqVlOeMOiw5QsDsKzJ04fC8OiworCvcKZw5LCsmMlLAvDmsOpacKXw7HDlcOpwop9wo7CmA/DjkB2FhPCncKUJipFJ3HDuMKYA8KOFigHwoDDgsKuDVpywo1dwqFqwodawr0bWsOYwrgEMw1rwoDDhXzDg8O2KEwLIwjCoMOOFsOWAjXClcKZ';
d+='ZsOkI8KSYcKgwpYIZcK1b2bCvMOBLSRTfkvCtxbChsO+CiZgw7AOPQNpaMOFdcOcIcO2GTBoFcKHQcOqw4bCkVXDhsKlwpDDhsKHCkFFIkPDj8KSCMKkIWPCvcKRwozCn8OawrjDuSIzfMObUsKwwoxVSMOmDRlAwrQZwo7DlXlowod6SQ4kwoZWw5zCnhpySMOMZjbC';
d+='jcOGw4UdT8Ojw4lfwrXCtkNLNEISfMKKwqMBw5ESOVw7IjDCj1LCpMKmwrx6ZjUMwr0VwqRdwpfDhcOqZw3CscOPwoHDgcOJcRjDlnPDpMKHw69RCsKDE0rDoErCuMKjwpnDiEccM8K+w5rCocOKcxvChlYUwpkbYh/Cr8OQw4Qtw65AO8KnwpBWwr3Cr8OQwoRGwppt';
d+='wrd4w4fCpWNVBcOla3EAScKIM8ORBsKPLMKeCsKlNMKYaBQFw5Eow6fDg8OIw4I2P3HDpDNAIMK3fgLChHwra8K4wqAacDgMUh/DusKQwpsGZcKHwovChSQ2w5NTIiRSwqIOFGkpwo8nWsK7LyRgUMK5w4l4WsK5EsKaw5zDhyVOw5xHecK9DB00w67CgyHCpMOtaSvC';
d+='gFx0wo5nSsKgw5MNNSoAWcOaJCvDjhIZw6hIPcKBTsK+wr01w47DrMO5w7BwZMOuwqDDisKXwoPDr1fCnsO3G8Kbw6kpER7DmsOkG8OtHcKuwrXCkXUmwq3DksKdw7RowrIAwrzDpsOGCcOHZMK9w7BMcXsxPC54w6bDpcOHwr/CkcKJwpLCssOTwo7DlF7ChEJLw6VX';
d+='wq1iHMKRA8KONMOjw6DDpMOLw444wq/Dp8KDI1F8woskPMO0cVfCpsO4wrJobMKmwqfDhjrCoxHDmsKhWTcjK8KUw63Coy/DqMKLSsKuIzl8XhkkwqEuIDvCo8K8XsKGTgA6wpDCtDjDuBLCmSgpOsOtSC5AHBpawpxGH2PCiAxswozCmsOAJl90w4ZZw73DicO7wpFt';
d+='wqDDgTU6VMKGYXwkwpFoPxQVYsOCw5AKd35OCAw5wrDCksOcRcOGOMORwofDq8OuOsKDRgNhwprCgXDCkhZfVcOLwojDtsKkDS3DmcOOw6TCrcOiwrJ2wrXCjMKMR29yw6E5wp5pFB7DnxDDowYkdcKFcTbDpMKJHHgMwovDg8KDbsONw5jCicK4w7DCksKMNxTDq8Ks';
d+='CMKOHcKvb8KJw6BYKgLCmgEXwr3Co8KXOBYxRBzDocOZwog9wrAbSsOMLMODw5DDog0nw4YjEcKlw4YVwq7CqsKTwrQhwr3CgnbChMK9PcKAwoYtwoJZZ8OIRUXDjcKEw7oNJ8K8wplrGCfCnU1vw4Zrwo01w4XCscKJNUhFb8KUNsKmw7jCqCzCtsKyUXhQwo1fw6kw';
d+='wrRcwpoiPMKRAw96wqpGw6BxAiXDqcKUI19FGsKLXMOkMlnDoig/wqzDkMKSAsONU8KUwq08OcKLwr1tKVhYwpkMN8Kbw5B4b8OEPsOYwo90w63DiMOiFMKZecKSFMKuDylGT8KTwoLCrHnDm8OpPUXDrMOpNcOZWcOCwpI6FMOnw6syNwVqLgjDhzPCjcKiwqBIQsKd';
d+='DEPCi28FR8KQw49Aw4HDuigKwoLCu8KGw4YywpwcwpJVZ8O3wpjDkMODGsKmwpXDt8Oow7vCplQ4w4rDiRfCoMKjw4XDlsOLT1p5ZkAXUcKbKcOodkM9GhJjaHFew4DDjMK9CMKJwq/DgljDjsKMwrFSOcKzwo/CilrDhC9xd8OVGcOtNcKzw7XClsOdwpQ+KsOdwoxC';
d+='wp8zIsKVLcK3FSIzTcOgY3VAw5IWH3rDhngiBx7CtMOCworDgcKDwpjCpjHCkksSSDjCv8O7Y0/CjmxJGk8/IFnCtcOhw5Q8C8K9wonCrX8Fw79IScKNaiDDpHkqG27ChCYxagcawoFqw540wrTDnMKewoswRsOMScKlZxkYw59easOVwrXDmDTCnDXDjsKSc2rCpcOU';
d+='NjQMwqnClcKgw7BiwqTDoBTDk3gxwrd6w7vCjcOYCkZRwpDDqMK0HFBww6Vmw5sAw7jDuRgoHsOHw4DCk8OLw6tJcMKkwqfCnUY5w6xZwqvCnnsOw5/CqQwQw4nChTTCuHMHfSR4Ml9jwrHCrsOzLsOaGjrDlmMAERpyOxkZBsKkwqJ8d0UPSkTCoBDCr1fCksKRasKr';
d+='wpfCi8KWCMK+wrHDhsKYQMKFw5XDr8KAw4VWwpDCkMKLw71Qwo3Dg0EMLcOOAcKIYMKfwoPCgxRxHMKEw5DDqE/DrMKdNSJ0KMOfBwc8WcKUwpI0P2rCgykSwptMw79GwoYiSjDDjMOpw4kkc8K1w6duwpHDly8EL8KywrDCp0PCiBTDp8K0wotxw6sUwr0tN8KHLsOa';
d+='wow8VMKhBQrCvQvCssKrw6rCr8ODwrQ0IMOHAsOKwppIUMKZUjslwpHCucOgHC0sJVjDu8KRwpYTXcKVL28pFGPCiMO5w6BIwp4Aw4fCs8OGSsK4b8KeUMKnwp1Jw6xNM8KBwrMoNFUmZWDCrEXDocO0HMOsFMOXHEEIwoPDnsKiwo7ChcOqwppVw6BNCGoGeGQmwqLC';
d+='t8K8wpQGw6E1YVJXwpzDkMOtw5vDk0ZsGhzDvcKSPVsoWMKWwp5HworCjcKMEzI7SF3CkV7Ci8K7wqzDhjfDpGExwqccwqLCjMKdw4vCisK7NV47LsKDwr3DgMODw6HDs8KZIgd7w5rCkRsXSFcuQcODwonCksOaDcOhK8OyO8K5F8OIfS7Cv3UZAz4DBWcTKMKEOhjC';
d+='vS3DiBXDhsOaYsOrwqvCilvDr8OUwrnDlDJow7M6wokhERBSw5PCumTDshTDmxrDqcKQPEoEFADCi8Osw5hiLyfDgiDCkcK7w6TDiB7CpcOndX/DtkdxIhzDkcO1wr44wrPDiBDDscK8w7Qtw7XDqmTDpmTCphQOVsKFezbDnsOow6DCq8OLYj8nwoJ9Bg7CocK8QxQH';
d+='UxrCkcKOLGhlwrN6wrcAw7LClVxYQSrDssK8w5TDvhFHPl4uNMKKAjdyOWk4XsKRQns2WsKRwq7CtcONw7ZvwojDhgR4w4PDogvDvcKxwplSUkLDtsKOQ8ORFjLCoBvDr8OKL8Kjw4VYIgcfw7Q5fDJSw5Jfw5F5w4TDhAllA8KHJMKjAEYxw47DiDRvw5DDgsKDbFRZ';
d+='Lyc9w6wjNjLDkizCu8OSw5JoJcOew7tTwpPCjMK2wowIaBNkw7zDtMOufz7DpXsTwqUEwoBeGMOWwqXCkko2woQTwq/ClsKAPsOaE8KUw5dsworDssKlTMOfX8OEecKYXsKgJRpWwpDDiigjwqYnbnfDiFRBShd6woYXw58YwovDoD0kwr1BwqEowrIJw7d/wrrCm8OK';
d+='CsKFens6aVjDlMKwdG/DgMOUWMOPw6oBw6HDiALCkiAowo7CjGvCh0spwpLDrMOVw7LCuFcEw7kMFELDicKdGArCjsK0WcO/T35Mw7jChCbCjMK3w6vCq0zCisKJwr1vwqXDjFjDg8ODTMKpwoPDiMOlw63CqR7Cg0TClBUUVGfDiMOKFEDDp8ObJ8OIw4YPwqsvLsKt';
d+='E8KbKSkoDC3CrRrCgyDCoyTDn8Kiw57CocOow4E9RXxjwqfCiF/DrEXDtFZxHiVFXnrCu8KCwrRXwr3DtlYhw4jCpMKXwp7CrGPCoQ3Ck8KuwrvDucKNwqoAWsKRwpI0w5bDoVJrw40hw4kyMsKQw5JmBXtFb8KmFAxScMKPUjtSw6hGwqHDkW7CrQzDtMKxw4/DgAHC';
d+='ucOOw6M4wpTCikN/QcKLw6ATNwEKwrwIRMKVMMOTwojCs03DmMOhJi/CrsO9G2/Ci8KzwrzDpjnDm8OQScK+wqvCumNSDsOcw5kkI8OlwpjDp8KTwr4/UzLDrGcUwpLCnMKUZcKawrTClMOgw4XCuV0xwrzCp8KIwo8GS1HDontWw6tIw7RWwrHCiDgkwrzDsQJQw6DC';
d+='scORTGbDpGx9YWPCqcOPBxFIw5DDuMK6C8KVwrtjw5duOcKfwoLCmQBIeWjCvHrCuz4sIBnDjVDDoRhdaMKGSxvCnsKXH8O5RcOAHsKnwrw4DWfDlFhKCynCosOew6LDq0gfei9hwqYRwqd6w6lIUg/DrlgpW8Odw6N5w7bCpHheOMOXUsOwbMKOdH8FwqvChcKSw7pw';
d+='wo/Dk17CoMOQw4/Dk8OFw7XDvcOFwpfDksOeemzCpxBpFAgYIT1ZwofDmiLDhRh5ZcKlw4nCuTjCpcKmwqVLwpQvw4RWw45dwqLDmxJKw5vCkAlqwph1IcOPwrPDq8KOYVzCgxvDl1xowo0kwp3DmhTCqsOdwoJQehHDhFRke1dbwqUgKcOtwojCriVpwoVpNMKYaAIb';
d+='VBJxwrY8MzfDgg05w5DCkBkTwoUGVnLCocKFNFjDj8K6wqrCqcONLyEFw63CgAPCrsOnwq7DoD7Dj8OMMsOUw4jDo2RGw5AwRcK/UcO7w7xow6nCiMKNwpnDlkxZacK8QGHCsjN5CVPDmTnCuTgcw48Uw4XCgcKGMmbDg8KVNsKyw55Jw4fCiMOia8K6McOsM2BQSMOF';
d+='worDgBBqw4ZpaTUufMKywpADwrnDi1JHw7LClA7CtcKHwonDk0PDqlF+KsOUw7Fyw6tTwqHCkmlxw7PCscOTw6TCiMOgTiPCkyxcwrZlST3CtsK4M8ORDzkOwqHCo3HCjVPCpMOEwojDnlbChnhfFwjDpGTCkhFCwpYAw5LDpwvDgsK2wqRTwo0yw5zCgnTCvDgIG8Kb';
d+='KSFAw7vCocKoAsKJwpHCplTCgGLDgGfCoMKAw7hTBAXCmA3ChnsXw6xlw5bDtsOvbXN0YVMIw4Etw7pcG2Eywq9Qw4VWwrvDrmbCo8KVVi4ECXErXcOEwrvCuy/CvcOZw4QYIxIowrckwpTClkt6wqoXXDHCqcK7w40mVMKCw7bCjMKRLUrDu8OVAl3CgUAGBEAFw7R3';
d+='RVHCuz5Rw4XCrsO/wrrCqGhNGsKbKSFCwrQFw6PDkhwhQxs4D8KWW8KhCEVYIgMdMsKvw6PDqMKgwojCuMOyworCk1zCoRbCnsOBwrvCtBYaEsOKacOvwpDClkwvHW7DtMOmYnfCusOew7XChcKIXERyU1BMXFg2wpLDkS7DiMKGJcKbFUnCi8KNCsOXAwplKMOCGRHC';
d+='lMOCZWnDmlQ1ei3Di0MdYjJpEHrCt8OGw5PCrsOteU1hw4h6WQHDrcK8NSbDkMKuw7jDhm5swqbDlHbCgyrCpRLCgSxDw74sF8OFwonCtzHDpMOnwqNAGjXCisKCIDEmw6dKKMKOS8KIwrhWw5zDmWvDpGsZR2bCnsOnw5zChDvCpsO5WsOueMK1w6fCkBRGK3AOwprC';
d+='licPPVbDn240wopPa8OpwrQlw4rCqnBdYHfCucKdw4AjUwHDvWXCvSMlc2ZRSW1Sw7kgHMOmecOSbk0Mw7YMBMKQw7IWQcOgSXk1wrHDlcOWwpsDw6kNKgPCuVDCrQfDp8K0WsKgWk/DusOidDfDknPCnFgkw4Izw4sVw63DtsK4wqUMZmHCnsKkwo3CmcO9w50CwoPC';
d+='ugjCnmTCiMOTw6fCglVVw7XCqkRhwrzDklEuCEcTwo3CgsOAd8KHwoc+cTF6wo7DvAxxw4/DgQA3H2MYIFXCgsK2JcOmSMKqFMK6ehfChsOMIsOLwqtBasKqw4rDkXzCqAzDqQDDpMOBIkbDkgjCoUbDrsKJwobCoQLDncOPdBgZT8KXwpsjMEpzwrJlacOLwqJdw5zC';
d+='ssOQw5ssdsKbwo3DjD9pGMKKDSjCksKww458w5bDmjfCocKyFALCmmQgw5YXwoLDmEtwwrhVTw/Cs8KVw6rCrMKlFCwabUHCqsOyQh3CscKZRsOhEcOEw6Aow5pEQ8KLM1RiPMKRwoPCj2cTw7jDpEpPbEHDq1plRkpiw5Nww4UWNRh9w5LDi1zDsEZuDMO7eEV1w6Vw';
d+='w7LCqcOIRsOmwq5DwoFsQsKHwrZVwoIbUsKuZ8OMbcOfw5NOGsKkG0tfw54nOzZTUhrDmsKhGhkiGFohDUPDqDNgIMKrOgYDSg4Zw6HCrcOmKMKZwqjDvMOBw5XDj8KWwo3DocOyw5bClQ1ieUQEaQUoK8KLM8OgwpE0LRRkQnoVN8KhGGHCjW9/w6rDiUbDjGVcw4bD';
d+='t1rCk2nCicO6wqDDrhDCgMOhDSMbwprDqMKuw4kowpbDp8Krch9oB0tJw5tAwrvDssK2woHCscKZEsKywrEfw4rCkSnCgcKhw4UnwpMxw6gzYCDCvzEGwoM0SMOiIHhRw6rCgcKYw4R0XgtxOE5UcMKaw6nClMK3wpnCscOkw5hqVxYVwpxFacKkwoFpWgHCoh1pwpBo';
d+='fcKaw5w0w7ovwoQ6wowrNsK3YsKcEQPCicKUJWkrw6fCmULCmcKmDiTCjcKIwoDCoMK1w5B3NsK0BcKrwrTCtloieMO4w4wKRDDClcONw6xQTUc6w5xyw5TCpMOqTcK5wrEVW1gSwp12KDNGwoTCocOFw4cxMcKWw4hAB8O+dwQdQVBzIcKcwrDDpCcgRsK2cipMw6zC';
d+='rUpBwoEcwpDDp8KEw7ZJwpDCg1jDsl1hwqdHBMKbwrkww4rCoiIIwonCmsOlw7HDg2QJwqdHSMKUPGNKwoUmwpjCu8O7U8K0wol7ZcK9Q8OEw57CmsOawrTCr0MeM0oOIsKRwrnDkhHDqcKUCG3Ct8KgXcKxwpsYwpnCqE5vw43CksKMIcOyOcOgWD8BTsKuwqkVW1A5';
d+='OmA+NH1Bwqc9wovCshPCp0HCtAx0woYaw7Apw5lVTEjCksKiwq3CncOcIhfCqlB0LVTClMKhLcKewpHCs8OUw5ZzWWRTSSvCnMKyTWVXRMKBSFrCnGcRwpkowokNwroDwpBxw6zDqMO/DMK9T3EifcKEH8OmQ0PCvB3CgwYlF8K8M1zDoyTDn8ORF0sZZcOjwrt3CW7D';
d+='qMOTw5LCpsKiw5rDshpcwpHCicKeEsKZw7I6NMK2wqV/wpjDoMOEM8OdIcKAYMKowq3CisOGaiHDqcKoXsKmw4ZlwqAUGm9DL8KQw7LDqsOPwpHCicKeeEwsw4IOGcOIaB5DBsKHwphowq7CisKSLcKewrzCoMOifWnCnMOnwp/CuFvCoywaYljDuMOUKDjDg8KTRVEO';
d+='Iz0awqBgaMOBTcKtw7hFCMOkw4TDqcK2w64ZwpnDo2xPelJuwo0MdcOPSMOJwpDClylqw4vCn8OARsOzw4bDocKOwoEIPcKhw6rCvMKXA8OtFBpoC17DnMOsOTrDkwQMBsOtOjDCtHTCq8KJQT8fHMKBw6PDiRg4OMO2wrckwrTCgsKhasKww6Z6Hx0TRHfCg8KKdcOE';
d+='w6XCtD95w6TDsGTCiEpswrkrwovCikNbP8OwJGrCkXNpwpPDl8KuwpcMJA/Dg8KmwpFLFcKKRjBJwprDkjFawqjDmMKXJ0ApKcKEw7nCtcKXwrjChyrCq8KrwqMSdlZ7wotawowow6dHwpDDlG0sO8KawobCsmkWND3CtcOLc8OROcKeKcK1wrXChMOGwr/DpMKVM0lM';
d+='w6xswqIpw5QcEcKKwrDDhHx4cBUhBg/DusOjwpHCtcOmScOqQgfCq33CggwSbXDDiEnDu1AoQMOsMgUowrLDmFUlwqjDox7CgSvCusOgwp4VworCo8OOwpMgwonCssKZwoZJw6/CpUYiw4bDnsKkdkhWcsK0bsOYBMOWw6nCs8Klw75PSl4+CsO9wpnCksKSw4LDkMK+';
d+='wqptwp8GS8KnVFLCosOQZ8OAQBIUwoNBwpApwqJNG8OQw5NtwoHCicKXd8OVwoU1PmLDgsKTwoPCkykow5HCtcOWK8K5wrTDoGVBZxjDksOkwrgCdMOGwoxkw74vJEBRdsKJIMOHHcKOwpQ5w7JGwoTDh8KRWVfCuV41Sggnw4nCryfCnMOOwpbCi8OZw5HDjiPCk8OE';
d+='wpZ3eMKITcKUEh9HFj45w58WMWDChWzDvArDsRkAwp8DwoLDkjEQUMO/wpEMSMOLOMKtUCBwwrnClx9UcSFLwpnDkWZKIlcgQMKDw5XCrsK9w5N4w7wLwq1Aw6jChhg3XXNzMUHCiVogEWPDgFrCoi3CmkHCkQUsRcOXwoMDw7bCtMOEJSHChzXDlBzDlcOUwopJSznC';
d+='hnYhaMOCU8Oqw5REZ1pBUMKGw4DDjwdBwroYCE9OTMKGa33CgmLCgsK/w67DoMOvwrvDl8Kfwrl1woPDvsKlw73Cu8O9w6vDngvDl8O/w7TDhsK1w7DCk8OnXsK8w73Cp8OXw6/DrsKGwrXCn1/DncO9w7TCgHI7aMOnw5PCn3xyw7XDjsOzw5dfwrpxw6/Drisvw53C';
d+='gMOcw7TDvsOrw6rCncK7wrdfw7zCkxvDt8Ouw5x9woXCnsO8Bw9efcOww6obOADDqn/Cuh9DSMOfwrjDt8Oyw41nw68+HyYZfHjDtcOOwo1bNz59w7fDhsKzw7fChsOfwoF9w5LDnw5+wrlbDirCuz3Dt8Ocw7DCp8K7dT17w7vDusOLw7fDqGXCnn3DscOlwo4dB8Kf';
d+='XcOdw71Hw7wlUsOfwp3DvGrCtx7Do8Oxw4/DqcOPdsKrecOuw6bCrVvDu8KBw7fDjX3Ds8Ogw5XCq8Kfw6p9dsO1LjjDocOZG3c+fcO7w6ZLd2/CvsO4AsKxw4HDsMKjw7DDicKdwpvCnyPCnMOUw67Du8OwX8OtF8OPwr3DuMOCw51rw5fCv8O0w7lXwr/CsMO7LnzD';
d+='kH7Dt8OMdcKiEsK9w4DCtcK/w7jDvBtvfMOhw75uQMO3aTvDqMO6wq3Cm8KfecOhw5rDq8O3wr/DuMOlw7tfw5rCjWg/asK/w77CsxvCt8Ovw57DvMO0w7VbwrsPwo9mOsO5bsK3wqDDnjvCt8KFw7jDtgvDq8K9w7hAIR0YwpNvwqzCusKxw6rChcKww6ouwrtVIDbD';
d+='kDDDuMKhwpzCvDHDs3vDi8OBGwNfLgPCkzdOwo4Aw7jDl2/DvMK7w7HDr8OFw7EvWcOnRgcFw4zDhcOGw4AbA18gA8Ojw7oFw7hXb8O8wrvDscOvw4XDscKvQcKUw58GBnYbA28MfMKBDMOMwp0NFsKEw7jDvQ1CbAx8w4kMwqw8w4oDEwPCq8KNwoE3BsK+OAZGwqEI';
d+='F8KCEHoLQmwMfHkMw6wbwqZ1cMOiw4wWwoTDmBjDuMOiGMKYwrPDhsOjwpoPGHjCi0JsDHzCiQzCjCrDgMKBwoHCtyjDhMOGw4DCl8OIw4BSaQ0GwrZbFGJjw6DDi2NgwrQ0UcOBBsK2WxRiY8OgS2JgLsK9wpECF35IAyvDjcK7w4YwGwNvDHwJDMOcNcOXC8KdJjcX';
d+='bmPDn8KLYl8nDUNhRR7CusOMwrHDjcKBOzfDu8OKw5dfwpNwQzbDtsONYV/Ch37Dh8OEw4DDvMO3w7fDmsOFw4bDgBfDjcOAw6Eowo4YeDvDhMOYGMO4IhlYCBkYeMKLQGwMfMKJDGzChcO0woHCgcK3w4tEGwNfIgMzw6/CgxPCt8OlAm8MfMKRDMKswrgMJsKEw5jC';
d+='nMK4wo3CgS/CjMKBwp3Cs8KiwpFewpAGwrbDim/Dh8OIw6dmYMOvHsK8wobDgiMbA8OPY2DCp8ORDzs0fEPDs8KKLRfDuMOcDMO8w6DDgcO9w5def2Njw6DCuQzDrMKNYR4lwqYbYcKlw558wrjCs8Ozwq/Co38ebMO8O8KTfxVHwqvCh0YYw59IZsOsw6bDgsKdX8O/';
d+='wr5mXsOfLMOgw7nDvMKLEsOiDcKTCgXDu3jDl05lY8Ogw7MxwrDCkSjCncK3McOwPAYWGgXCpsORwr8GDcKmw7XDhsOAw6dnw6AHDwDDpsOGw4DDsxjCmMOYwpcsYMOHwp1qw5B8YAvCom0xwojDi2Jgw4XCtBDCjcKxwqjCrMOOLMObMiHDjsKuwoHDmcOmw4NlMcKw';
d+='Z17Co8ORGToXMcK/wpkQwpsJcVkMbD3DmQ3CjcKzw5w1w6h+wrfCmRDDp2bDoFcfw5zCpz8bA8OnMXDDqC1Mw7zCu1kQG8O/XhbDv3opwrlpwpwJw63DnMK1w5pyKcOPbkHDqDfDrsK/JjcGw45jYMKtwowPDMK8wp3Dg20MfMKJDGzClQjDvMK7wp3Dg23DvHtRw7zC';
d+='q8KZCMOGA8Ouw4Npw7QGw5wYw7jDrDEIw7fDuhbCg8KYw4/DgMOceCvDkVzCvDFcw5jDjcKAeBpiaFsQOMKXf8K9csKBfzcDYsOjw58Lw6JfZcKtVMOSworChmvCrhrDrsKYw50OMcOOw43DgGTDvzrCtyXDssOMZcOgw5BuwpY1woYJF8K6Sm8Ww7AWBMK+NAYmL8Ku';
d+='wrHCggtiYMKlNxNiY8OgwotjYMKyHsKEd8K4w5PCuQXCgTcGwr40BjbDmknDl1jDhhstwp3DmyzCiMKNfy/Cjn/CtW3ClFHCjhjDmG9lw5k3BsK+MAbCtkJaw594w4kQBcK2WybDpcOGw4DCl8OEw4DDnjJrGFkPXHlSw4PDlsKYw40Ew54Yw7jCshjDmMOTwr/DmMKG';
d+='CWsaI8Klw5wqwppsDHxRDMOMwo0zworDoS7Csmw4w5d+wrPCgcO/H8KcYwjDtsO7w4PDgELCoytyI8K8w5TCjWBqK8OJwrMxw7AoA3/DocO+woMvwq/DjcK+w7jDqw7DvsK+e8O9GcO6w7jDvwA=';
load(d);