var d=''; //soullinkmap jsonp data of "Human Relation"
d+='w61dS28jw4cRwr7Du1cIw4jDmcKzw73DrhnCgCFAwokjwolewopUSMKuZcOtwoXDoGrCuTYBwokMwrTDmgA+OsK3w4A5w6QYX8OyH3LDicOBwpfDvBgnw47Dn0jDtTzDiMOhw7Rjwp7DosKKwoDDl8KARcO2dMOXTMOVV1VdXV3Dk8Osw4x6wqfDg8Kww5vCicO+w4xH';
d+='wr3Cq8Kww5vCu8K+wp7Cn8KNR8OnwoPCi8OOwqtMc2cywr7CmXbCv1B/wrrCncOTw57DmcOrw7nDhWTDvGbDlMKfw4/Dgm9mw53Di08PwovDtcOJZHnCv3habcOWwp1XWsKHwr0hwoPDkSjCnMOMw4fDp8Onw5NwNsO/wqbCi8Olw77CgMOcZcO7w5DDm8Kua8Okwq1p';
d+='w6TDm8Oxw7jCqsKLTcKjwqIrw7sjwq56F8Ohw7zDjWTDmMONw7XDn8K1Z8Kbw4/Dh8KTwqvDnmx+PhgOw6fDk8OZLcKIw7V3ZMOpwr/Do8K5Z8OUwrvCmcKoKMKhw417w4PDgcOFwqh7wr/DvMOwZCTCkcOpYyXDsXU4wpkNw456w4PCpMOfw5PDpsKPdlLCucK+VsKa';
d+='w71wejYZXMOPBsOjUcOXTm3Cr8KXwq3Dk3TDsDbDrFJkwqcSdcKwDj8fwo9mw53Cs8ONw4PDqsOuZMK6WH88wrnCmsOaKUV9w63ClDLCqH3CiMO+OShlwqDCm8OOesKjfm/DksKffz0Ib0wqwpASK8OqaMKmwqTCqUFRLwcZwpMqwpTDrsOtwqDCu8KvDiXDu8OZwrtF';
d+='wohjw6bCohQrwoXDvXoEdcOvccK1wrh3UcKJFcOCcT3CgyLCisO+OcKpWcKhw4zCuhHDuxXDpVfCv8KIw74oLxt7XsO4wqDDu8OnaCTDkMKZwr3CmcOaHXRMwr4PcsKkTFAUECrCicOwAsKOwqVHwoLCoMOzKsK9HnfCvBrDt8ODLkpawqMvwp3DpC7DgMOOw77DlUxT';
d+='J8ODw4Newp9MU8OndDDDqUfCjcOXwr1JOALDqGbCocKaXsOewoDDqAFiw4fDlcOdw4jCs8OLw4HCsG8bwqhdw5zCjcOrDybDoVnCpG0oM2DDl8K6w6t5OcKeDMOewoI2woDCtk/Cr3tnYcKXZwZoF3fDo8K2NhJfw4DDmWHCuWvCu0HDg8Oww6twGE1Bw7stwp3DoWDD';
d+='tDrCkcOxwpYbDFjCmcOaOyYXwpNVQcKDZcOqTcO7w7bCljEtw43CijIGY8K1DcONDE7Dh8O9w5vCrBJSHFDDqgUowpAeR0oAw4nDtcOOVcOvwpvDgRXDnBjDnMOswrB3wqHDoMOKwrV0IEjDgDACwoLCgcObLgUxw4PDnH4DTQJ7w5AKw7p+w5nDpQx5wqLDs8OqEsOs';
d+='wqDCi8KBw4IEPsKEw5M3VyFEEMOqa8O6OW3CvcONwrTDnm5bbzLCrTfDm8OWw4tMK8OcIBfCn3wJd8OmwoBTPmzDiQUjX0rDpgUsw5fDrTbDrcKWw4Ylw5lYJMOrHjLCn8Ofwo4nfcOoM1LDoh7Cjm/DoMOjw5bCml85wq5lL10OLi7CrcOjwrTCi8KlXcKTw5LDlMOE';
d+='Mw7ChsKzcMOSwobCg8KawoZ/wpjCj8OGCsKAw6RTZzp+M8OcDcOFw5jDhwHDsj3DisKQw7AwJgQGwqc9OsODw7FFZMKDw6PDq3DDksKbwo0nSsOCWlsHwqLDncO+QFnDhMKuDW5naMKtJcKKw6HDuMOswrVZECXDiChOw6xCTMO5RBnClsKjaMO7ZjwZw7ZjwotMw4ww';
d+='wpnCqsOiw47CuRbCm8KiXcOeAsOjw7PCiMKTw7hawr5hw7/Du3YSMDXCp8Kiw5t7bsKcf8Ouw7/DvsOtwq/Cv8O8w7DDt8KXw7/DoCTDv8Ogw7/Du8OXT8K/w77DpcOfL8O/w4HCqSbDsX/DvsOjwpcffsO6w6XDjz/CvsO8Z2fDuWfCny4ewpYvw7/CsXnDvsKxB8Or';
d+='w6/ClsKPwqvCp8Olw7vCl8O/w6wiw7/DrMKnw4vDu8ONw7rDmyPDsCx6w4jDgQINCQsfw7jCpcOyw6EzAsKRwpPDpnzCvsOafMK3Ph5IGMOiwox7CMO+eFLDuMOHC0nDjEcgwqUnwqXDpsKaJsKbd8OLw4fCpyMCRQohPB9hw6phw4TCtFnDosKIUAFGwqTCh33DpitG';
d+='woI8I8Kjw4XDpmF1PMKwcEbCuMOvCcOuMw8zwq7DgXLCtXnCgsKpw6R4w4BRw6wEwp4gUsKxI8K0wqjCtcK/WsKsF8OHA8KOFAHDoCJ9w4Y8QsKQwqZqF8Krw4fDu8KTw7PDh8OVcm3Cm8OoXyBCAcODahnDhX3DolHDhMK1w7jDvHxxXAoXwrMTBAFVw6zDiDw7w6HD';
d+='o8Oqw65Yw7QNIwxrZMOkIcOOwqVHBcOWwrDCmcKuPj4dDzYxO8OYwpMkIMKKHS0QGH7CusO7w754wrARGFzCm8KHfEE8JsO1w7nDs8O0w7HCqDx1w4zCj8OwOMO3KcOww4M1T33CscOcPH57BGvCr8KUHV9wDH5AKMKefMKqwq1qfsO9w6HDh8O/w7zDvMOzw5HCoMKD';
d+='JcOzYcOmwqEiAFfCjQjDlRYEw4fDhQnCrAMYw6YRJ8KaF8OoLz/CrMOWwqt4T8O5SMKULcOKR8KCwovDhsKCRcO5w4gjRsOHwpFZNcOuw7ofCUIEQ2wAwrMOC1gUw6pofDnCo8K2wpfDhw8AwoQgYMOzfcOwccOER1QLDWbDi8OFHUw/J8KDw7XDicO0w67Cu8ONw6bD';
d+='vmhUMGFNwqjChcKpYk1zEF8tHsKWH8KPBikWUAnCscKoZMOcwqPCksOpcUIKw5TDpsODw4k1LMKGNsOHw4AYwqMBw7bCuSRqaQfDrEHCpMONwrDDpsOzesOWaMOhRcOpXMKWFy58wqF4w5FUDsKLwqPCgUUQw7B2XMKlPn3Cj1EdwpbDi8ONwrt3wrYow7vDpQETcSM8';
d+='w6ZzwqHCuMORwoDCucK+X3zCv1p/e3LDtcOpw6PDqm5xw7/DhWDDvcOxw6nDscOTw4Nyw710FB4iw6JRUi4AMSHCqcOvccKJwrXDiMO7fMOxwqfCjcOaPDg5w5vDnG/CjmJBwpFlCyHDhBVbw7rCvsOCw73Cp8KXwrnCnCjCuUcbwo3Ctm/DlMO2w6bChcKZwr1dwpfD';
d+='jiQcw7bCogLCjcOfwqvCqsKDw6Rzw6d0XhzCnsOtw7rDrMKBwqHDn17Di10dw7LDtsKmAMOswrDDrGtpwq7Cg8Kywq9ncg57ey1ZccOQw5sbwqLDlcKDw55fwo/DgcKew6nDtiVcwodybMKOKsOrwqQ+KsO1woDCisK2wqnDpCPDslxpw6XDlMOuSycpwqrDm8KOfcKV';
d+='b8KIKsKjwqLCmirClMKWVAnCksOUU2FVw5IVVVPDhcOFVHplw5HCjsKuw6PCmsKhwrDDiDxOwrvCmMOBw5BcSMKGITbCg8OQwoYZwqRTwrjDvcK7wpMSdsKJDMKZZAZTWiLCtcKAwqZiI2kZGk3CpcKGwovDhMK2wp8Cw7HCqcOiCMKBY8KoK05bwpVdMyEbwqrDtcOK';
d+='w65NwpdUSxvCqC7DgWPDgjTDiUteTcOyw7odD8Ktw4bDsQ7CssKkw4LDt8KkwpAOCVvCt8OMwpvCqDHCpVtpwqrCncKRw5p6w5xUX2PDpgjCh1BESsOaVMKaOzoFw5LDlDfDrivDqmsePcKnwoR9wr8FfcONw5/CscKhw5zCoy3DvygMw4XCiMKRBsKCw48TwrJLw55a';
d+='ZcOQRMKRwrnCn8OOYsKYw6puwqHCqkN2K2Q9McKDBw3CiMOKcDPCv8KZwpjDtwg5w4Vswq7CgcKowqrDonlkwp3DghfCvA0dd2llVcOpwqc7JQzDi2hubTAbw4bDqzUCM8KcWsKvwrnClMOcXsKzUVLDiW0TwrDDgcOBw4ggET4RwrgFw41XwqtCwphnJEzCiMKEw6DD';
d+='mjPDon7CuQfCkRwrSQTDjcKEwr9Hw4gpfHPChUlFw5XDl8Owdko/IC3CqMK+dsOLwrrDksOfTyQFEMKXScOUQMO6ccKuQBDCrFIFLsK/Yy/CiGldw7M5FcOROxfDiQshNHrCs8KiwrHDvsO7QhLDsDsUAcKrEsOxwqbDusOvNMKnwqoIw6wRen7Dl8KfB8K9CALCn8KZ';
d+='IMKobgTDucO7NsO3QFbCk8KqwoLCgMOSDAkxIwXDlRbCgcOdAznDtxbDm8K3Akl2EMKowpfCoVrCscKCJDnChmlUNCXCmmLDoDTCqsKqGMOsEXrDrghfA8K9CAFwwrXCrRjCgXbDo8OmfsOIZlNVAMKIFcODFypzwobCuCkrVVxGw5jCug0QXwXDhWjDt8KPbl1Sw5DD';
d+='lB7CssK7TgEHF8OMKG7CvMOucsKaV3U4MsKECsOgMMKVQVbCtAhNAyrDoMOBCGrDhzrCtMKHaMOuwp/CrMOGVh7CjzTCqy8FwokKGsOtw6bDocKqw6TCrGgew5rCmsOQwoAHTERGPMOAwpHCtjFfwqTChcKcTCXDtcKBwpvDmsO2w5FMw7B7D8OgFMK8wrnDpsK0wpIh';
d+='GMKwwq4ieMOzRF3DlRAwV8K+UXjCiCIwa8KfwpPCpsKLZcKdwqnCusKAw4QbTDLCoFxtMMOZF8OLwq7CusOZwqrClsKQS8OaGMOwYDI7VcOLZsOKw59Uw5ZxwoEtRMKJWDHDnsOAw6towoTCnMKyNsOXw7RWVH4Nw54CYRMIw5vDmlB4w73DhsKHw7Y0cR0xwpFRGcKx';
d+='PQJ1FRxXw5JrA8K8wqYZF8KiYj/ClTVDwp4hw5l8OMOFwo45w4dIeT/Cv35aw5lAw6jDucK9eh7DniJZw4NdW0jDrMOrw7dtwoQAwpUCPkBow4TDlMO/wqIywqnCmhDDqMOZUxsEwq7CisO0RlvCrcOCw4/CuMKRwqDClcKAwqUgJV8vw4dsw5/DgMKtKsOvfUpOwoFb';
d+='CsOnwqspwr0OcgEMwpTCtBPCvsK4c8OzdcO3wr3DjcK7wrlVQMKIw4vDtwXCi8Krw7ddSsOvKMO0wq/DpsOlDcOAw6sgw4DDom0Xwr7CkMKGw6HDi34dC0LCgkYsw5TCtsKFZsOiw55/AsKnwrxtB8K9VMOTeQ3DowJxw7PChgFMUxfCoz1vXWkHw6DDtShEUMKww7LD';
d+='hMKECVPCuFjCo0zDhsKOwqXDgcKXYMKWw5VjY8Oaw7hgw5FKIg/DpgPDmsOwLMKydjbDhkTDicKawo4pwrNDWErCjXU0wovDpMONeTvCvlvCv3MjHAjDosKCE8OPJyp+woDChXzDvcKYw4VAw6nDkBoeZATCrsKyYcKtOGrCt8Kiw5YVOBfCiCsxNcKYLw3ClMKswopf';
d+='ZsKDwrDCjMOiG0B2w4MAUXArel/CoMKnw5VhIDDCm1FPCAbDtCQVw7VzLsORwr4Tw7YEDsKiwrTCu2nCucO0w4xqT3xrwqLCscKVw63DmcK0cMKXI8OpR8KVwrtNw7Ndw4lWHcO8w7Ujwpk1cDo6JVsQU25/wrDClBFowohXw4FEwrTCsl9reMKIA8OHwo8GCzrCuMOi';
d+='C8KLwpBhfCvCil/DoMKsw6t6HSxxLMKzw7pRwo/CgcKSw5XDucKXw5kTLMKlw7c6w6JVMGHCrcOsw5EWecOuw6rCmDDCpsOKe8KFQGpuJMKyfhYBwpbDkhhMEsKcwqXChwMZfMKGwpnCgHFkw7E6w6bDlEF1woPCiMKFwoV5LCzCv2HCkWYqMsKsfDLCiMKsw4FEwqAR';
d+='ciYtwovDtgBLwpnCgwZ3FUB4S8OWwqA9RMKzFMKmesO3VsOAehfCpi/DogdNZmbDncKsDm4Nw4TDosKKSDsFO0XDrsK8wq4rwrJZV3XDqWcpWcOtwqHDjE5gKXvDkBHCr8KCSTslPEXDrsK8wq7Ch8KyGFgFSMKSwrfDr8KoTMOewr5zwpQpwrjCjsKVwqjCuMKLwqXD';
d+='rcOQG8OyFAjCkMOfbsKtQMK0w79ZwrfCsVIxw4XCp07DlMKfwow1OgXDgjYedFHDjQAMCBdKwpvDsVY2wrIMwrc+w7Byw4Awcxw8w4HCiTJbwoRMwr0Zw5dEwo9LRSh1J1ggwqfCtC3CoMO1w5M/BkrDjcO8SSkVw5dRLsOCQRjDvUl1DXdHJsKVwoFIchrDqsKjw4pp';
d+='w5DDuksxw4PCtsOvARx7wonDsgR4Ik/DjX8xDkh6wr7DvsKyRMO1wqIzZ8KZQcOdPXPCplZzIDzDksOAHnRKB3DDuTrDtkU4UMOfwoRDdXtwFxscw4DDo0NQQUnDoAUYOMKiYELDthREwpvCtcO5WsOtwq3DgcO/cMKcw514aVjCjMOcw5TDj8OEUhLDnMKXSkrCvH5M';
d+='b8Kgw7TDvApuAMK5SMOgw6ZiwpHDigpuwrjDs8KhFVzCnyIOwp/DmsKnwpnCqcKUw7jCrcKENAUxSMOdwqnDlMK2PVBdw6JZSjYVdxzDqFZRw4N1wpTCi3AAwpfDkkZIUxDCgsOUw5tWwrFuCVTCgCHCqW9mw4JXw6XDjcOYw6HDmEvCocOQVkHCvQolwrHCn8OJHcKI';
d+='dBXChcOIZ13CsxbDlMKDV8KXfMKWwpI1wq3Dn8OSG8K3BsK0wqvCiMOewrzDjMKqW1LCn3nCiMOmFcO1w5ZXI8OKAcKSPcKSUMOtw75TwobDjTVpRcOnMMK2w77DpsKVwpoSM8KVPA03eRvCvsOuwpxKCGYSw4V4c1HDrwgVw4jDmnROZGnDlTfCo1ska8OeeMOzw5Z8';
d+='w59GCCRnTUohwqPCsyZrFcKpWQjDmRBwHG/DuQzDmsKOwrNlPcKNSxpKaG09CMKswq8qVsKFYMKPwpATAsOzwpnCnMOVwoxAR8K9AAPClSJuw4MKw5x6W8O3w71Ow4vDq8KJFTDDkA9wwrBhw6A4M8K0w70jRzDCt2wlw6JWKsOdCk4Nwql9DMKGWmXCgGxqwr1+biFU';
d+='AAcywpx1WsONJHQNwqjCggdrXMOyVsOiHMKRwpbDl8K/JcKPTEzDjsKCLTg5w5F5woTDrMO0wrJ3HcOOZ8K3w5dhw7QrwpTCu2/CncOpbDJ+HW5/W3fDsWHDsV5NLMOZw5bCtA8gGMOObwbDvcOZZUREa8OsTMODYXg2C8OVDxTDp8KvwqlFworDvcKqNjLDs1vCu8On';
d+='w6fDusOQw6TCucO6wpPDnsONHMKYw6nCj2/CtmrCpsK1dcKSL2YmbMOXcsKjwpLDpxHCgcO6Lz8secKaw6zCjwQvw4VSfFgcw7Q3wopPeyAlYMKgw7vCsHrDv8O+PjleeMOXw5rDicO8asO6w51ywr3DvcOtwpzDtAfDj03Cv8KCwr5HKcO/C8Opw6V/GFlzM8OOwqPC';
d+='m39Tw5XDn1TDtXPCq2rDjjHDvx8=';
load(d);