var d=''; //soullinkmap jsonp data of "êlä‘ä÷åW"
d+='w61dWcKPG8OHEX7Dt8Ofw4jCs0fDk8O3DDAhw4Bdw47DrhLDosKSG8KSw7Jqw7VCKMOxCjDDoBwww7wHVkIAw5vDshVbMMOiAMKJYyXCshMjwrbDoRxOLFjDssKPWVHDh8KTw75CwqrDp1gOwqfCjznCl8OSAMKWAS/DmcOTXTNVX1V1dXXDtTDCmMO3wrdGYS/CiMO+';
d+='LMOGw73DvcKww5c/OFhsT8OGO8ODw53DoELCpjnCmE4OZ8K9F8Okwp9ewrDDlcOfwr7CuMOYwp1OLsKNB8KLeXh5w557cMO3w67Ck8KPPnzDssORw60HP1wPLijCl8OXBgzDh8OjcMK6wpjDrMOsw4zDgsO5w6JyD8KJw7UBwrnDi8OmwqFHPcObw4gjw53DiCvCk8OJ';
d+='fg/DqUZFV8OWR8Osw7d3w4PDhcKlw6nCqMKXw6vCv2rDjzbDr0zCpsO7w73DuWJnOBotZsOzIxDDqk/DsMKxw7dzwpZ7RsK1wpvCjsKKFMOawqI/GsOuwo57wq8eX3tdSyLDk8OHSMOiwqVwOh9uw7dHScK/w5d/w70bM8KpXF8jw41BOMObwp4OD8Omw4PDicK4Z8Km';
d+='wrbDlsOLw5RpNsK8EsO2MDNTwok6GMKHw69Mw4bDs8Oew57DrsOyw43DvzzCvsO5w43Do8OPP3h6w7/DncKnw7c/eXrDr8OrwqfDt8OfwoYPD8OufWjCphzCjTVTw47CoHgtw7pnwqHClMKBcjbDr8KPB8O9w6lgw7HDkjA8w5TCqURKwqzCqMKjwp7CksKiFkXCvSxk';
d+='dMKqUcK6wrfChcOuwrp6wpTDrGfDrhZpAMKiNkrCscKSwpjCr0dQw7dfe8Olw6rCqzYqwrFCWMKuZ1B0wqN/VmpGKMKzbsOFfEV6w5kXwqI/w5LDp8OGfhg+wqjDnjoaCXTDpsKXZmZ3HcKTH8KAHAnDpcOEw7UxEcKYOz5Dw4LDgcK+H1xIwq/Dhx3DtyfCg8Kww6cm';
d+='wq3DkcKXIMK5C8KwwrN+NcOTFGR4WMOrwpNpCsK2wobDk0HDlHjDkMKfwoZjwoBuHsOKw4nDphLCiB4gwrZcXcKNw5zDnhvCjgbCpsKBw4rDhcOVwrjDgXAabkfDmsOmZgbCrFpXPcO3JsOTw6EVw5AGw5DDtsOZQX87w6zCscOMAMOlw6Jqw5zCmcKNw4QXUHZYw67D';
d+='mmrDkCh8KRxFU8OSekswGsKOLyYyPsOjBsOBwqPDq8OaA8KdwovDicKqwqDDhjLDlcKmdXvDi8KYwpZiRRnCgzHDmsKGYgZbwpPDgVFWCQnDsglxfMOXFw5zwqUAwpLDq8OBfsO/w7JwH24MbnbDlMOfwpVww6VaAggaEMKMwoDDoMOgwqhHQMOMMMOXH0ITRw7CtMKC';
d+='wr7Dr8O1GHUdHlzDmAM7wojCpDbChQ/DocOsw5J+CBHChcO8wpp+TlvCjzLCrUdnwq3Ch8KZw5bDg8Kzw5bCvUwrw5wgF8KvwrwId2ZgU8O5MCYXwpzCvCjCqMOjw5NcwrfCo8K0WxrCp2RjwpPCrHvDiHzCvjLCmQ7CoMOPWMKKezQ5woTCj2fDlnzDgXIte2lvwrjC';
d+='u2ccwqdcLMOtwprCpMKmJsKecTjCmsKHw5M2HMOULMO8w5liPMKRACTCn8KCw5nDpMOSaDUUIQ/DucKuw6cQw6pyByHCjGFww5ojGE12IxvCnBzChMOTw758MsKVElbDmgLCiH0HQ2kRwqs2wrjCncKmwrXClihGwpPDrcKLekHClCAjOTELMcOlw5PDjcKwHEXDn8KH';
d+='wpPDqWgQW2RiwobDiVQVd8OOwrXCmBRtw68IGF9EwpzDhMOXw7INw6vDn8OPJgFdcyrCusK1w6dGw7nDp17CvsO/w7bDqcOJw6/Cn8O/B8OHw7kHf8O0w63Dhw/Dn8O8w6HDuX9wwqJIw7zCmz/CncKefHx6w71mB8K0RcKdRsKow4/DsgwZw7hAw48rHx7DhTAbKgrD';
d+='lV/DvsO1wosnN8Oew60OKsOUZcKUOS7DvHEEw7fCusKLSsOMwocvwoQjBMONwrPCscO1w7Afwp92CxXDgTl3PBcRB8K5VMKxw74Ow4ECwowIB3nDlMKTwozDuHlGwrYfw53DrxAqwoxiw6Y5wpx5w5RBwpQpwqg8w7zDusKdw64AI3nDsR3CjsKFw6TChSvCkcOIYMO5';
d+='w6XDu8OdAUZwHzARHsKlDsOGwq7ComXDi3vDny/Dr8O8wqs7w5jDuBTDicKgwph5w5ghLlPCosKtR298w5s1XnzDnyfCkhfCkcOnJXx0w6vCv13DkTPDpCJYw67CuMKOw4vCmHAIR2oYw7zDmXddASbDpgU5AsO7WMOywqLDjMO8Ox1yAMKgYQjDnMKZw6N6HDtUwqjD';
d+='s8Olw7LDu0/CugPCjMOkwoU7wox5BHhhwopnw55dwr7DtcO3w64Aw6NxwobDgMO8wrnDpMOII1zCmTJPbj7CuHvCtzPDmCBBPcKYaAjDt8OBPcK7wpgow6F/wrc4woHCkMKfIhZxwqLDmMO/w7LCqz88wrrDnx1FwovCsknDoMKVEcKnUTbCqcODw4hYw7Jiwpodw5zC';
d+='jsOgwoMRBAMww5NQwp9GwoHCjRrCo8K9d8Ozw4nDicKtw47DsAPDsMK4EMKeeR54N8OswrlEwo0Fwr7DvMOsw6HCnz89PcO5asO5w5s3HsOdw6rDjsO0wpMww4bDpcOSUzLCpjjChsOTw6vDvzvCvcOxw7nDqQ1TPMO9w7xhRX0iIMO8FMKUOURQNTo4wr1xw6vDtMO6';
d+='w63DkxvDrxbCocO1XMKxRsKJwo88w7B5LsKswq9dIsOTHsK+alTDn8O9w7vDicK9w5tdw5DCvSw3woLCgsKnEMKewqvDpAgRw68OMMKYYcOiOxQDKx5AwpNnw6XDscK3f1nDvsKuE0vDkiw7wogKw6DDhlPCgHl4w6fDnsOyw6PCvz3DvMO+w5bDssOOe8OdwoHCiBDD';
d+='jsOkwqLCgTDDh8KnWMKNwoDDrsOcOz15w6fDtMOkwovDh2/DvsKzO0BJwqY4LFEpBsKmwojCkgl9w7LDhw/CnkvCgErDrsKpRcKjw40ba8O9RWHDim7DlSXCmMKGwqN+wrTCocO+U8K5S8KcfA7CthbDhQHDmcKqw48aFsOqw63ClcOEw5Qmb8KvC8K6NsOLwr7CksOI';
d+='w5oow7tqwrpmwrPCt1fCkhIbwr3CvSZCw53DqMO9w5XCqMOrwpxuX8OCdUjDh2bCqcKRTcOqWVIPKGnDq8K2w6gjw4/ClVbCusKswr4ESRHDlMOZw5gLw7nChsKowpIlwqrCgXHDkxIYwo7Ck8O6FyRLcMKiw6rCl8K4w7hFwq0EWcORwrVcw5MUwoLDqMOHKRczGMOq';
d+='C38QRcKeQ2UJwowiwp3DgsKtw53ClcKUwpBNZMKuTmYwwqMlUsOzSSo2wpzClg3CkVRqwqhIbMKmKsKmesOCXMOfwqDCiyYXw6RSw5xUw4bCmsOiwqrCssObw44lwrXDksKEwqlNw64IU0XDsMKCVRN8wpppw7LCiMK8wq0LHsK5wqnDqMOzHMOUwpV8wrxjLAjDtxzD';
d+='gcKFRcOyw4Ytw7Imw5pNw4jCmcKUw6XCrkhtw7VuwqzDiBFzwphBwoQiBGkqw40Vwp0CacKqG8O1FcO1OMKPwp5Vw4LCnsOXWMKPw5U7NsKRe8KaScKmSERGwoEaCD7Dr8KJw4zCkjcWFTRRZMOmwqXCkxsiwqrCu8Kow6vCp8O1w6Zdw49PwoNnwoXDtcKrw6TDmWsm';
d+='w6Y1QlYxw6tLHsKqwqp4HlnCq8OwOWtDw4dtw5PDmiZCwo54wr3ChmHCisKTw6s1wps2wpvCizFKasKzaQbDlngSw6k/w6IaZsOKW1Bxwo8LLMOABRJYFXLCmcK1a8Kmw6NxKQcWDElJw7jDjcKEwr9Gw4gqfH3DtUhFHVfDsMK2Sl/CqDNldR1XbllXw7prGVhYw6jD';
d+='i8KcZcKDeCTDjhVwwoxkwqrDgMOmYMOMw5Uuw61rPkXDoMOzw5zDlT/CksK6G1hYw7tNw5x9U8KlwpdCwoDCoEzDgDTCgTFqKMO2NULDp8Ovw5jDs0hXwpA7dsKRTsOuw5XCrSDDvwzDjcOQwpAeDcKkQsOgw6nCsMKQwonDu8K6aCjCrsORwoDChnVDwrF1M2AkPirC';
d+='ksOMwrRaCMOqTQNGwqHDlcKbBsKMfsKtKgZrw491w57CscK8AnoRAj5uw48IwoxOwqTCnhUYw6fDtSoIw4R5U8KPw4vDnMKZw4t0ecKpw6JSw4HDtsKNw4DDi0BAwqJNwpNGRsKQwp0+wrnDqyPCucKDw5nDmBElw7JAJCo3w6RNIcOIECrCgEBXw6FYw5EMFMOUwosw';
d+='woBQwr0VM1Buw5wsIkrDtgpdKnc+ay/CucOSw7TCvcOgOMKqUDRbwoHCrS7Cs8KiFSjCqzwVAgwTwo4+JCINQ8Kiw7XDikwqwrPDt8OATcOTTAPCk8KGDWs6w645w4RjwqjCtklowp7Di8KKwofCvsK2wrTCkkloVMKgCh7DunnCusK8eTQUwrzDusOwdQUfbyQJH3wu';
d+='FcKWFMKPwq0OwrbCqiHDpMOSeRrCuVPCkcKdwpFFO8K6HxfCv0JQwockA8K1wpfDhsONZMK9w7YAVlnDq8OrdCsqwrkCb8KBwrAxRGfDj1TCscKVB8KuK8Oswrg6GMKLwqg4w5gcaMOaw4rCiCvDqcK1Bl7CjcKsPQh+w5PClAPCpsKuwqPDiR5vasKdwptywo5cw6nD';
d+='pcK8w6bCssOOEDp/w6/CncKHwrdIw5Zww5cWMsO1w6p9GyFABMKHDxAYUcO5P8KCw6oHNGrDjsOfBMKBwq3DjsK8w5HClioEASs3w6LCtxLCr8OYwrfCkMOqbcKMwpjCtwvCq8KKe8KdwpJVw57ChmrDuGo6wq9iXMKAAsOBwq0kdAo2wpTDqsOuwrLDqsK3w4vCq8KA';
d+='EMOXw6VzGsKXw6XDm3TDnlLDgV/DjcOJa8KAV0HCgMOVw5oqesOBw61EL0nCucKKw6tyEsKxUHs1w5tMw5zDq09gwpXCt8Opw70bw5V0XsOBwrhAw5zDrMOZw4Yvw6rDs8OWwpXCtg8rRQLCgRDCrDsRwqZcFy02UGMVS8KNL0E0wqvDh8O0WSbDpVN5UA/DkMKGZxHD';
d+='tcOXwpoaSsOGw7xLwpnCjcOAUmrCrMKiWSRvwqZNwoJVw7fDncOqwp0bw6HCgF3Dhhl2PCzDgwdYwq/Dlw9ZNMKUNsKtw6F+RsOgw5hrw4lRw5sVwrXCrsOAGXfCmRRTw73CqiQdJcKjw6LCl8OZByzCo8O4GsKQw60wQBDDnMKKw54Xw6hpdRjDpMKeEHI4w7LCo8KM';
d+='eMO9w4XCkkpow5Nawo89Y8KWwpHCtGICBSpbT8O2GMKsCXRDw4rCrMKBw49RKcKZYsKYcsKbwoDCpWxAQcK8CiZcO8OvVsK3B8Krw75WwocEdE1uFxPCmFV8w6E3MAcMUSJxOMKnYMKnwoJwXSrDvsK8w63CgRtkD8Ojw5vCscKHwphHJFDDjGPDkykhKX/Clx9lw707';
d+='wqkfC2nCnsOMOCXClMOZDixlDirDolUwwqHCrcOsw4/DgsOMTGXDkS1iwq7CnMOhwrDDlzTCt8Kgw6HCqi4mwoppbcOaIChzDcOOSMKfUMKobhB2wodew5cbIcOpwqp9ZcKnwrfCusOsM8KEwqzCmcOMwqJ9w4FSw6bCoMOAXQUQw5bCkjVYw515dTxiw6PDojw2LlE/';
d+='w5HCpsKhwrRxa8OABlfChMObKcOWKcOQw57CusOCN3nCtsOqw4LDj1IywppDwpnDncOBUsOmwqACXgXCknbCqnfCihTCuMOuw6xgwooAKmDCkhzCvSMiOXpnKV3CsMK9R8Kiw6LDlsKWwrI9wq/DiV7CuADDvcOZfgsEKcOPdG8rFVPDvMKiwonDusO+R8KhUyBsw63C';
d+='uy3CqlnCgAbDoUJpU8OWw4rDrsKWw6bDlhtOMhPDhj3Djh1OYT3ChD1fwrtAO8OvwrTCp8Kbw5k3wqTDslxcEz1eD8OZwpkrwrzDqMOIasOTGTbCkRPDjBlSw518Uj8rwqTCocOUw4zCocKUw5JxFcOmIiDCuMOWwqFUV3HDtcOOwptWcXXDk3cDHsK8RHECPMKRI2fC';
d+='uljDnsKucDzDnELDlcKNwrXDiMKgw67CjjnClcOLLBAebsKgw7cqwqUNw7h2FcO7IhzCiMKnw4PCocK6w57Dm0sNNsKgw7cQPRDDrDs+AsKOCMO4QHPCrsKhw40CfMKlw5ZWw6NnGMOKw67Cu8O4w490wp8rwpESZ8KewpBSYsO1wqN3DcKlw7NXcA3DiEUCw5fCl8KK';
d+='VFZww43CnTfCrcOgalpuw7PCqX3CksKZMsKxw5dKw6xSwpDDmsKqwpvCvjTDhULDlSXCnsKlZFJxw4vCi8OaKmrCuMKKchEOw6BSw5oIXQrDksK+dWNIUyhUAQfCtQ7CvBEMbcKVw5PDi8KYEXnCmTQBT8OXS8Oyw41pLVjChsK9DMK7bjk9wqzCu8KIwpRjwoNNRg0l';
d+='Y17Cv8Klw7PCtholwqjCgsKIfsKdVcOZRsOsJxLDjncSMBw6w5IIwr7DoMO9worCrR/Cr0I0e8OCDcK3esK8w4pwOsK5w67DsSrDg0nCocOqCGTCnsKrAAHDnTshS8Krwr4Bw7QiDFhLw4fCq8Ksw6fDs8OrHjg3wpzCmMKrwoJBw77CnMKWEQLDs8K7LMOPw4EKw7xM';
d+='wrlPw5NDw6bDhgVGMwTDksKXYRLDuTLDjFrCq1s9wp0CADRvw5/CrGgCecOEC8OkT8KaHzYvPhFYXcO8w7F7O8KjE0fCuFbDllhLw4YofMOza0Jbw5d+wowyw4d8YMK9w5fDjhxgU8OXesOSw6cOw4Zcw5YhwpFaS18DISsCw7p3wppWw5TDvxzDpEUAwpDClsOUw5/C';
d+='osKwLUc7JcOfwoXCmMK8w6TCtcOgwpXCiMOWd8ODw47DtsO6B8OhYn50EEY/B8K4w7oWw4zDpsOTw4nDhcOww6xHTsKvXsK7w7rCslxRZ1vDkz7CgFjCuDgcDsOmexERwqUxwpjChcKjcHsew4pfworDjV/Ck8OLEsOzVWVkw6ZHT3d2w5TCocOJcw3CpsO9w4MFMDPC';
d+='mBzCnsKpwpXDkhYkX8O0TMKYwq7DpUYlw4/Dg33DuV9+WMOyNMOZX2s9w6bDh8O8w5rDlcKNw75Yw6xWH8KkBAzDtH7DucOKw4svwr96wpx0OGsNMj9fw73Ci8OjX8K9fsO8WsOSI8O5w6Vpw53Dj1HCr1HDisO/VHXDuV/CqFXDnMKKw7XClcOMP8Kqw6rCj8Kqw7rC';
d+='rFU1w6fCmMO/Dw==';
load(d);