var d=''; //soullinkmap jsonp data of "êVÇµÇ¢MAP"
d+='w61aw4tuw5tGFMOdw6c3wroOw4UhRcKKAggCwpQ4wpIYUyRBUsKWw6UNIcOUcmvDgHYCw5fDrcOeRTZFwrvDqMKqbVogwr/DkHZTGEXDnH7CjMKTdMOpX8OoDMOFw4dwHsOUK0jCiyjDkkLDpH1Rc8Omw5w7wpdDwprCicOdw7PCoGVmP8Kpb8KPwqFlwodhw5oPw7zC';
d+='gTs0W8KEw5jCjMKCaWw9w4I/wpbDmcKzw7sHw6kwCibCvsKTJsOwKMKxw57DvsOww5vDvcONwo/DtzfDj8OHdmjCthh1w43DgcO1fRjCpcOBYBDDgyQ9wrLDpMK6PcKlFXvDjho9ZzzDj8OjIBhbwoDDp8KVacOqHmN7CMOTScOkWcKUfSUnw4XCgyAaw5tJOnA9L8KN';
d+='wpMZw4LDtMKTUw1/w6vDnsKsGS8Kw4YswrU9d8OoW8OnwovDk2tuCMOCRhjDohBGwonDm8K3wr3DnMOuw7rDqTNxKMOKVhjDk8KBcT9yw4PDhA18SxzCrWYlMsKKw51jaCl8woQqA8Khw7sgw7ATazR8fXvDu3DDt8Onw4NfLx/Drl49w5zDvcO6cHc7fhxGwoE4asOm';
d+='J8KOSsOMwqDCnH0aIhHDkxgnwrbDr8OYwpHCkx7CunDDisKlQ8O2MVvCqwzDucKRGErCrMKyagjDg8Kjw4XDmsOWDXHDq8OUWMOTTmzClsONPmg3RVoSRMKsw4/CpsOawr46wpvCnzdFWRLCokHDj8Khw4Raw5ZUTMKywqTCiDXCuMOAPsOKfnDCuV3ClmB0w4AWw6rD';
d+='jBPDhUkmwrHCuFIvw4M7CEdNUQ1dNxTCvcKtS2rCuysZOsOKwrxCwr3CtBsHDsOEVcK1OjHDs8KLwqDDkcOUwrXChMOIJMKGUMKzIURmw4/CjcKcTBjDmhHDtMORw4wlEC8zE8KEPC4AYm3DpcOZH8K5wp4jcmTClMKVwp/Do0bCsMKfwpFNJhwqaWU5CiLDtxjCkQHC';
d+='kT0Ow60+wqxdwoFRVn5lwoosFcKAdMKjdMKVwpMHD8KhwpfCrUZ1wonDqcK5w75Bwo4xOVTCnsOYw6QVGMKSwoDCnMK8ZEXDtWwjEsKLw4khIl3ChMKZw4EkQS9wZsKYYxjDvcO8w5Acw5tHw64YXQPDlVPDjx5iFCjCicKZNQZow73Dj8KWecK0wppPLcKgw6rCusOZ';
d+='QsKcHlnCusKCwo5GwojDqRZAw5oIHcOAeDLChsKoXwDCmMOVw6VZIcKfWWolwp7ClcOiwqllKB1JKTXDk1IzwrI0WcKWwoxSwoPCrkU1JgDDvQPCulfCoTrCkMOHGmUyK0zCikbChGw+w4gaQBwfB8KRwoNsfMKMwqoXTMORYcKZwrPCrQYdwqkawrnDg8KRw5DCj1HC';
d+='rl1/MCHDs8Oyw6d6CcKMw7hVaMKjQF7DkD/DmDpMHEw8cSHDhMOawpzChcOFYcOGYWsaRMKewrPCpG3DjsOVwrzCmhPClMKtJMKiaRrDjULChGI2wpLCpcKOFsOUw4/Di0LDiRPCk8K2T8Oiw4APw7NiwpU+wpnCjMODZXrDlD0FRsOFXMOWw4YPw6jDscK/w7nDvsK7';
d+='w7vCm8Kfw7YHAMKFBsOgwp8/XsK8w73DpsOvw70BQGUYw7DDu8OLw7vCmxfDt19/wrs/GMK0aQzDosO5w4Vif8KGwq/DkcODdy8/X1zCnV0vTsO2BwPCncOGwqDCtzh/esO5w5kewq0Ew4UtwoEqd1XCqcKtacKGBGTCpUvDgyIABHzDqMKAaMKdwrbChgBRGcKewrzD';
d+='ucOlw67DtcKrwp/DnzVPLsOmw49aX17Cnn3CtcK4w7piIcKhwpPDtWACW8ODBHbCgkkDHRUAVVbCpcKuwqFIKsOCasK/aVPDocKhKGoXAWIwfcOmfhUWBEjCuwPCum1Zw5LDmll1UcOWBcOkw4NlSAYIwpDDmkbDh8OAwoDCvMKnw4LDssK/woJlw43Dm8K4LMOWwrbD';
d+='t8KBGMKmwoZHF8Kcw50Iw57CvWE2wppiwoDDlcKJwpnDr1DClcK+LVrDgMOZwrjDkMKVfMOfAsOgDcKSbMOfYsK5bcOBw57DgFdxG3TCnMO7d8K+H8KjJMOIWQjDiVVPwpFkHWUragMMDjzCqxvChgonw5AEwprDjEMNw4hGwo4bw6jClMOIKSBHTi3CgAPCq8KQwqvC';
d+='l2PCoGt4ecOqbsKLZ33DjAAAHcO3BMOabjDDlwLCrcKAwpnDl8KGwqzDiU3DocOMNsKBwq/DiMKAAcK/wqNtAj7Dt8KSw5vCo1/CrSTCqsKqKcKIdsKgwrsdw7oFKRTCqcKjw6vCmBTCqgDDvMOGw6ZmF8KKK1rCicKywqbDrUDDsR3DoWxMwo1Nw5Ekw6PCrEDCk8OX';
d+='Gm1AZcOew7w1YmzDqDsywpl3w4XDncOLwogwLzbCgMKew40IEcO2DV3DmE5UbsKDHGZ1w5diwr3CssK8blcvwoDDlMOpdsK6eMOMW1ZrbsKgRsKYw7nCvcOdZhRnZ8K2CXx9w5diwr3CssK6wr7Do8OWY8ONw74tb3NXwrRxwo3DnXE8wrJDwpgmwqg1w43DtsK8wqsz';
d+='M07CosOgAMKWwo/DjcOmwqfDsxPCvClMSgsbNF0wwp3Cuk4yw4rCgjBCM8KGHsOqdCF+w7RIw6vDsD7Cq1jDi3gSwo/DkQYDw5Y1w79fTmRPUzQYJ8KYwpbCnGJkZn7Dgh/ChEhHecOlw79Hw6/Doi/DrcKWw78bw7LDucOfQl/DqMKnw7PDt8O6w7jCsWcjwpTDkADC';
d+='rMKLwrPCk8KTw7N8w7/CtsKSwprDhMOrEMKfLi7CrxdXwrlFw74mA8Ovw7XChlokw7rDlcKHw7XCn3kyNcKlw7HDvsO2I1U/UsO1wr/CpipVwpjDvwU=';
load(d);